Archive member included to satisfy reference by file (symbol)

c:/program files (x86)/gnu tools arm embedded/9 2019-q4-major/bin/../lib/gcc/arm-none-eabi/9.2.1/thumb/v7e-m/nofp\libgcc.a(_arm_muldf3.o)
                              ./Src/main.o (__aeabi_dmul)
c:/program files (x86)/gnu tools arm embedded/9 2019-q4-major/bin/../lib/gcc/arm-none-eabi/9.2.1/thumb/v7e-m/nofp\libgcc.a(_arm_addsubdf3.o)
                              ./Src/main.o (__aeabi_dsub)
c:/program files (x86)/gnu tools arm embedded/9 2019-q4-major/bin/../lib/gcc/arm-none-eabi/9.2.1/thumb/v7e-m/nofp\libgcc.a(_arm_muldivdf3.o)
                              ./Src/main.o (__aeabi_ddiv)
c:/program files (x86)/gnu tools arm embedded/9 2019-q4-major/bin/../lib/gcc/arm-none-eabi/9.2.1/thumb/v7e-m/nofp\libgcc.a(_arm_cmpdf2.o)
                              ./Src/main.o (__aeabi_dcmpeq)
c:/program files (x86)/gnu tools arm embedded/9 2019-q4-major/bin/../lib/gcc/arm-none-eabi/9.2.1/thumb/v7e-m/nofp\libgcc.a(_arm_fixunsdfsi.o)
                              ./Src/main.o (__aeabi_d2uiz)
c:/program files (x86)/gnu tools arm embedded/9 2019-q4-major/bin/../lib/gcc/arm-none-eabi/9.2.1/thumb/v7e-m/nofp\libgcc.a(_aeabi_uldivmod.o)
                              ./Drivers/STM32L4xx_HAL_Driver/Src/stm32l4xx_hal_uart.o (__aeabi_uldivmod)
c:/program files (x86)/gnu tools arm embedded/9 2019-q4-major/bin/../lib/gcc/arm-none-eabi/9.2.1/thumb/v7e-m/nofp\libgcc.a(_udivmoddi4.o)
                              c:/program files (x86)/gnu tools arm embedded/9 2019-q4-major/bin/../lib/gcc/arm-none-eabi/9.2.1/thumb/v7e-m/nofp\libgcc.a(_aeabi_uldivmod.o) (__udivmoddi4)
c:/program files (x86)/gnu tools arm embedded/9 2019-q4-major/bin/../lib/gcc/arm-none-eabi/9.2.1/thumb/v7e-m/nofp\libgcc.a(_dvmd_tls.o)
                              c:/program files (x86)/gnu tools arm embedded/9 2019-q4-major/bin/../lib/gcc/arm-none-eabi/9.2.1/thumb/v7e-m/nofp\libgcc.a(_aeabi_uldivmod.o) (__aeabi_ldiv0)
c:/program files (x86)/gnu tools arm embedded/9 2019-q4-major/bin/../lib/gcc/arm-none-eabi/9.2.1/../../../../arm-none-eabi/lib/thumb/v7e-m/nofp\libg_nano.a(lib_a-exit.o)
                              c:/program files (x86)/gnu tools arm embedded/9 2019-q4-major/bin/../lib/gcc/arm-none-eabi/9.2.1/../../../../arm-none-eabi/lib/thumb/v7e-m/nofp/crt0.o (exit)
c:/program files (x86)/gnu tools arm embedded/9 2019-q4-major/bin/../lib/gcc/arm-none-eabi/9.2.1/../../../../arm-none-eabi/lib/thumb/v7e-m/nofp\libg_nano.a(lib_a-impure.o)
                              c:/program files (x86)/gnu tools arm embedded/9 2019-q4-major/bin/../lib/gcc/arm-none-eabi/9.2.1/../../../../arm-none-eabi/lib/thumb/v7e-m/nofp\libg_nano.a(lib_a-exit.o) (_global_impure_ptr)
c:/program files (x86)/gnu tools arm embedded/9 2019-q4-major/bin/../lib/gcc/arm-none-eabi/9.2.1/../../../../arm-none-eabi/lib/thumb/v7e-m/nofp\libg_nano.a(lib_a-init.o)
                              c:/program files (x86)/gnu tools arm embedded/9 2019-q4-major/bin/../lib/gcc/arm-none-eabi/9.2.1/../../../../arm-none-eabi/lib/thumb/v7e-m/nofp/crt0.o (__libc_init_array)
c:/program files (x86)/gnu tools arm embedded/9 2019-q4-major/bin/../lib/gcc/arm-none-eabi/9.2.1/../../../../arm-none-eabi/lib/thumb/v7e-m/nofp\libg_nano.a(lib_a-memset.o)
                              c:/program files (x86)/gnu tools arm embedded/9 2019-q4-major/bin/../lib/gcc/arm-none-eabi/9.2.1/../../../../arm-none-eabi/lib/thumb/v7e-m/nofp/crt0.o (memset)
c:/program files (x86)/gnu tools arm embedded/9 2019-q4-major/bin/../lib/gcc/arm-none-eabi/9.2.1/../../../../arm-none-eabi/lib/thumb/v7e-m/nofp\libg_nano.a(lib_a-nano-vfprintf_float.o)
                              (_printf_float)
c:/program files (x86)/gnu tools arm embedded/9 2019-q4-major/bin/../lib/gcc/arm-none-eabi/9.2.1/../../../../arm-none-eabi/lib/thumb/v7e-m/nofp\libg_nano.a(lib_a-nano-vfprintf_i.o)
                              c:/program files (x86)/gnu tools arm embedded/9 2019-q4-major/bin/../lib/gcc/arm-none-eabi/9.2.1/../../../../arm-none-eabi/lib/thumb/v7e-m/nofp\libg_nano.a(lib_a-nano-vfprintf_float.o) (_printf_common)
c:/program files (x86)/gnu tools arm embedded/9 2019-q4-major/bin/../lib/gcc/arm-none-eabi/9.2.1/../../../../arm-none-eabi/lib/thumb/v7e-m/nofp\libg_nano.a(lib_a-nano-vfscanf_float.o)
                              (_scanf_float)
c:/program files (x86)/gnu tools arm embedded/9 2019-q4-major/bin/../lib/gcc/arm-none-eabi/9.2.1/../../../../arm-none-eabi/lib/thumb/v7e-m/nofp\libg_nano.a(lib_a-sf_nan.o)
                              c:/program files (x86)/gnu tools arm embedded/9 2019-q4-major/bin/../lib/gcc/arm-none-eabi/9.2.1/../../../../arm-none-eabi/lib/thumb/v7e-m/nofp\libg_nano.a(lib_a-nano-vfscanf_float.o) (nanf)
c:/program files (x86)/gnu tools arm embedded/9 2019-q4-major/bin/../lib/gcc/arm-none-eabi/9.2.1/../../../../arm-none-eabi/lib/thumb/v7e-m/nofp\libg_nano.a(lib_a-sprintf.o)
                              ./Src/I2C_lcd16x2.o (sprintf)
[...]
Memory Configuration

Name             Origin             Length             Attributes
RAM              0x20000000         0x00010000         xrw
FLASH            0x08000000         0x00040000         xr
*default*        0x00000000         0xffffffff

Linker script and memory map

LOAD c:/program files (x86)/gnu tools arm embedded/9 2019-q4-major/bin/../lib/gcc/arm-none-eabi/9.2.1/thumb/v7e-m/nofp/crti.o
LOAD c:/program files (x86)/gnu tools arm embedded/9 2019-q4-major/bin/../lib/gcc/arm-none-eabi/9.2.1/thumb/v7e-m/nofp/crtbegin.o
LOAD c:/program files (x86)/gnu tools arm embedded/9 2019-q4-major/bin/../lib/gcc/arm-none-eabi/9.2.1/../../../../arm-none-eabi/lib/thumb/v7e-m/nofp/crt0.o
LOAD ./startup/startup_stm32l432xx.o
LOAD ./Src/I2C_lcd16x2.o
LOAD ./Src/main.o
LOAD ./Src/stm32l4xx_hal_msp.o
LOAD ./Src/stm32l4xx_it.o
LOAD ./Src/system_stm32l4xx.o
LOAD ./Drivers/STM32L4xx_HAL_Driver/Src/stm32l4xx_hal.o
LOAD ./Drivers/STM32L4xx_HAL_Driver/Src/stm32l4xx_hal_cortex.o
LOAD ./Drivers/STM32L4xx_HAL_Driver/Src/stm32l4xx_hal_dma.o
LOAD ./Drivers/STM32L4xx_HAL_Driver/Src/stm32l4xx_hal_dma_ex.o
LOAD ./Drivers/STM32L4xx_HAL_Driver/Src/stm32l4xx_hal_flash.o
LOAD ./Drivers/STM32L4xx_HAL_Driver/Src/stm32l4xx_hal_flash_ex.o
LOAD ./Drivers/STM32L4xx_HAL_Driver/Src/stm32l4xx_hal_flash_ramfunc.o
LOAD ./Drivers/STM32L4xx_HAL_Driver/Src/stm32l4xx_hal_gpio.o
LOAD ./Drivers/STM32L4xx_HAL_Driver/Src/stm32l4xx_hal_i2c.o
LOAD ./Drivers/STM32L4xx_HAL_Driver/Src/stm32l4xx_hal_i2c_ex.o
LOAD ./Drivers/STM32L4xx_HAL_Driver/Src/stm32l4xx_hal_pwr.o
LOAD ./Drivers/STM32L4xx_HAL_Driver/Src/stm32l4xx_hal_pwr_ex.o
LOAD ./Drivers/STM32L4xx_HAL_Driver/Src/stm32l4xx_hal_rcc.o
LOAD ./Drivers/STM32L4xx_HAL_Driver/Src/stm32l4xx_hal_rcc_ex.o
LOAD ./Drivers/STM32L4xx_HAL_Driver/Src/stm32l4xx_hal_rtc.o
LOAD ./Drivers/STM32L4xx_HAL_Driver/Src/stm32l4xx_hal_rtc_ex.o
LOAD ./Drivers/STM32L4xx_HAL_Driver/Src/stm32l4xx_hal_tim.o
LOAD ./Drivers/STM32L4xx_HAL_Driver/Src/stm32l4xx_hal_tim_ex.o
LOAD ./Drivers/STM32L4xx_HAL_Driver/Src/stm32l4xx_hal_uart.o
LOAD ./Drivers/STM32L4xx_HAL_Driver/Src/stm32l4xx_hal_uart_ex.o
START GROUP
LOAD c:/program files (x86)/gnu tools arm embedded/9 2019-q4-major/bin/../lib/gcc/arm-none-eabi/9.2.1/thumb/v7e-m/nofp\libgcc.a
LOAD c:/program files (x86)/gnu tools arm embedded/9 2019-q4-major/bin/../lib/gcc/arm-none-eabi/9.2.1/../../../../arm-none-eabi/lib/thumb/v7e-m/nofp\libg_nano.a
LOAD c:/program files (x86)/gnu tools arm embedded/9 2019-q4-major/bin/../lib/gcc/arm-none-eabi/9.2.1/../../../../arm-none-eabi/lib/thumb/v7e-m/nofp\libc_nano.a
END GROUP
START GROUP
LOAD c:/program files (x86)/gnu tools arm embedded/9 2019-q4-major/bin/../lib/gcc/arm-none-eabi/9.2.1/thumb/v7e-m/nofp\libgcc.a
LOAD c:/program files (x86)/gnu tools arm embedded/9 2019-q4-major/bin/../lib/gcc/arm-none-eabi/9.2.1/../../../../arm-none-eabi/lib/thumb/v7e-m/nofp\libc_nano.a
LOAD c:/program files (x86)/gnu tools arm embedded/9 2019-q4-major/bin/../lib/gcc/arm-none-eabi/9.2.1/../../../../arm-none-eabi/lib/thumb/v7e-m/nofp\libnosys.a
END GROUP
START GROUP
LOAD c:/program files (x86)/gnu tools arm embedded/9 2019-q4-major/bin/../lib/gcc/arm-none-eabi/9.2.1/thumb/v7e-m/nofp\libgcc.a
LOAD c:/program files (x86)/gnu tools arm embedded/9 2019-q4-major/bin/../lib/gcc/arm-none-eabi/9.2.1/../../../../arm-none-eabi/lib/thumb/v7e-m/nofp\libc_nano.a
LOAD c:/program files (x86)/gnu tools arm embedded/9 2019-q4-major/bin/../lib/gcc/arm-none-eabi/9.2.1/../../../../arm-none-eabi/lib/thumb/v7e-m/nofp\libnosys.a
END GROUP
LOAD c:/program files (x86)/gnu tools arm embedded/9 2019-q4-major/bin/../lib/gcc/arm-none-eabi/9.2.1/thumb/v7e-m/nofp/crtend.o
LOAD c:/program files (x86)/gnu tools arm embedded/9 2019-q4-major/bin/../lib/gcc/arm-none-eabi/9.2.1/thumb/v7e-m/nofp/crtn.o
                0x20010000                _estack = 0x20010000
                0x00000200                _Min_Heap_Size = 0x200
                0x00000400                _Min_Stack_Size = 0x400

.isr_vector     0x08000000      0x190
                0x08000000                . = ALIGN (0x8)
 *(.isr_vector)
 .isr_vector    0x08000000      0x18c ./startup/startup_stm32l432xx.o
                0x08000000                g_pfnVectors
                0x08000190                . = ALIGN (0x8)
 *fill*         0x0800018c        0x4 

.text           0x08000190     0xd0e0
                0x08000190                . = ALIGN (0x8)
 *(.text)
 .text          0x08000190       0x40 c:/program files (x86)/gnu tools arm embedded/9 2019-q4-major/bin/../lib/gcc/arm-none-eabi/9.2.1/thumb/v7e-m/nofp/crtbegin.o
 .text          0x080001d0      0x378 c:/program files (x86)/gnu tools arm embedded/9 2019-q4-major/bin/../lib/gcc/arm-none-eabi/9.2.1/thumb/v7e-m/nofp\libgcc.a(_arm_addsubdf3.o)
                0x080001d0                __aeabi_drsub
                0x080001d8                __aeabi_dsub
                0x080001d8                __subdf3
                0x080001dc                __aeabi_dadd
                0x080001dc                __adddf3
                0x08000454                __floatunsidf
                0x08000454                __aeabi_ui2d
                0x08000474                __floatsidf
                0x08000474                __aeabi_i2d
                0x08000498                __aeabi_f2d
                0x08000498                __extendsfdf2
                0x080004dc                __floatundidf
                0x080004dc                __aeabi_ul2d
                0x080004ec                __floatdidf
                0x080004ec                __aeabi_l2d
 .text          0x08000548      0x424 c:/program files (x86)/gnu tools arm embedded/9 2019-q4-major/bin/../lib/gcc/arm-none-eabi/9.2.1/thumb/v7e-m/nofp\libgcc.a(_arm_muldivdf3.o)
                0x08000548                __aeabi_dmul
                0x08000548                __muldf3
                0x0800079c                __divdf3
                0x0800079c                __aeabi_ddiv
 .text          0x0800096c      0x110 c:/program files (x86)/gnu tools arm embedded/9 2019-q4-major/bin/../lib/gcc/arm-none-eabi/9.2.1/thumb/v7e-m/nofp\libgcc.a(_arm_cmpdf2.o)
                0x0800096c                __gtdf2
                0x0800096c                __gedf2
                0x08000974                __ltdf2
                0x08000974                __ledf2
                0x0800097c                __nedf2
                0x0800097c                __eqdf2
                0x0800097c                __cmpdf2
                0x080009f8                __aeabi_cdrcmple
                0x08000a08                __aeabi_cdcmpeq
                0x08000a08                __aeabi_cdcmple
                0x08000a18                __aeabi_dcmpeq
                0x08000a2c                __aeabi_dcmplt
                0x08000a40                __aeabi_dcmple
                0x08000a54                __aeabi_dcmpge
                0x08000a68                __aeabi_dcmpgt
 .text          0x08000a7c       0x40 c:/program files (x86)/gnu tools arm embedded/9 2019-q4-major/bin/../lib/gcc/arm-none-eabi/9.2.1/thumb/v7e-m/nofp\libgcc.a(_arm_fixunsdfsi.o)
                0x08000a7c                __aeabi_d2uiz
                0x08000a7c                __fixunsdfsi
 .text          0x08000abc       0x30 c:/program files (x86)/gnu tools arm embedded/9 2019-q4-major/bin/../lib/gcc/arm-none-eabi/9.2.1/thumb/v7e-m/nofp\libgcc.a(_aeabi_uldivmod.o)
                0x08000abc                __aeabi_uldivmod
 .text          0x08000aec      0x2c0 c:/program files (x86)/gnu tools arm embedded/9 2019-q4-major/bin/../lib/gcc/arm-none-eabi/9.2.1/thumb/v7e-m/nofp\libgcc.a(_udivmoddi4.o)
                0x08000aec                __udivmoddi4
 .text          0x08000dac        0x4 c:/program files (x86)/gnu tools arm embedded/9 2019-q4-major/bin/../lib/gcc/arm-none-eabi/9.2.1/thumb/v7e-m/nofp\libgcc.a(_dvmd_tls.o)
                0x08000dac                __aeabi_idiv0
                0x08000dac                __aeabi_ldiv0
 .text          0x08000db0       0x14 c:/program files (x86)/gnu tools arm embedded/9 2019-q4-major/bin/../lib/gcc/arm-none-eabi/9.2.1/../../../../arm-none-eabi/lib/thumb/v7e-m/nofp\libg_nano.a(lib_a-strcmp.o)
                0x08000db0                strcmp
 .text          0x08000dc4       0x10 c:/program files (x86)/gnu tools arm embedded/9 2019-q4-major/bin/../lib/gcc/arm-none-eabi/9.2.1/../../../../arm-none-eabi/lib/thumb/v7e-m/nofp\libg_nano.a(lib_a-strlen.o)
                0x08000dc4                strlen
 *fill*         0x08000dd4        0xc 
 .text          0x08000de0       0xa0 c:/program files (x86)/gnu tools arm embedded/9 2019-q4-major/bin/../lib/gcc/arm-none-eabi/9.2.1/../../../../arm-none-eabi/lib/thumb/v7e-m/nofp\libg_nano.a(lib_a-memchr.o)
                0x08000de0                memchr
 .text          0x08000e80       0x2c c:/program files (x86)/gnu tools arm embedded/9 2019-q4-major/bin/../lib/gcc/arm-none-eabi/9.2.1/thumb/v7e-m/nofp\libgcc.a(_arm_unorddf2.o)
                0x08000e80                __unorddf2
                0x08000e80                __aeabi_dcmpun
 .text          0x08000eac       0x50 c:/program files (x86)/gnu tools arm embedded/9 2019-q4-major/bin/../lib/gcc/arm-none-eabi/9.2.1/thumb/v7e-m/nofp\libgcc.a(_arm_fixdfsi.o)
                0x08000eac                __aeabi_d2iz
                0x08000eac                __fixdfsi
 .text          0x08000efc       0xa0 c:/program files (x86)/gnu tools arm embedded/9 2019-q4-major/bin/../lib/gcc/arm-none-eabi/9.2.1/thumb/v7e-m/nofp\libgcc.a(_arm_truncdfsf2.o)
                0x08000efc                __truncdfsf2
                0x08000efc                __aeabi_d2f
 .text          0x08000f9c       0x34 c:/program files (x86)/gnu tools arm embedded/9 2019-q4-major/bin/../lib/gcc/arm-none-eabi/9.2.1/thumb/v7e-m/nofp\libgcc.a(_fixdfdi.o)
                0x08000f9c                __fixdfdi
                0x08000f9c                __aeabi_d2lz
 .text          0x08000fd0       0x3c c:/program files (x86)/gnu tools arm embedded/9 2019-q4-major/bin/../lib/gcc/arm-none-eabi/9.2.1/thumb/v7e-m/nofp\libgcc.a(_fixunsdfdi.o)
                0x08000fd0                __fixunsdfdi
                0x08000fd0                __aeabi_d2ulz
 *(.text*)
 .text.Reset_Handler
                0x0800100c       0x50 ./startup/startup_stm32l432xx.o
                0x0800100c                Reset_Handler
 .text.Default_Handler
                0x0800105c        0x2 ./startup/startup_stm32l432xx.o
                0x0800105c                RTC_Alarm_IRQHandler
                0x0800105c                EXTI2_IRQHandler
                0x0800105c                TIM1_CC_IRQHandler
                0x0800105c                TSC_IRQHandler
                0x0800105c                TAMP_STAMP_IRQHandler
                0x0800105c                EXTI3_IRQHandler
                0x0800105c                LPTIM2_IRQHandler
                0x0800105c                I2C3_ER_IRQHandler
                0x0800105c                EXTI0_IRQHandler
                0x0800105c                CAN1_RX0_IRQHandler
                0x0800105c                FPU_IRQHandler
                0x0800105c                TIM1_UP_TIM16_IRQHandler
                0x0800105c                SPI1_IRQHandler
                0x0800105c                TIM6_DAC_IRQHandler
                0x0800105c                DMA2_Channel2_IRQHandler
                0x0800105c                DMA1_Channel4_IRQHandler
                0x0800105c                ADC1_IRQHandler
                0x0800105c                DMA1_Channel7_IRQHandler
                0x0800105c                CAN1_RX1_IRQHandler
                0x0800105c                DMA2_Channel1_IRQHandler
                0x0800105c                QUADSPI_IRQHandler
                0x0800105c                I2C1_EV_IRQHandler
                0x0800105c                DMA2_Channel4_IRQHandler
                0x0800105c                RCC_IRQHandler
                0x0800105c                TIM1_TRG_COM_IRQHandler
                0x0800105c                DMA1_Channel1_IRQHandler
                0x0800105c                Default_Handler
                0x0800105c                DMA2_Channel7_IRQHandler
                0x0800105c                EXTI15_10_IRQHandler
                0x0800105c                TIM7_IRQHandler
                0x0800105c                I2C3_EV_IRQHandler
                0x0800105c                USB_IRQHandler
                0x0800105c                EXTI9_5_IRQHandler
                0x0800105c                RTC_WKUP_IRQHandler
                0x0800105c                PVD_PVM_IRQHandler
                0x0800105c                CAN1_TX_IRQHandler
                0x0800105c                DMA2_Channel5_IRQHandler
                0x0800105c                CRS_IRQHandler
                0x0800105c                DMA1_Channel5_IRQHandler
                0x0800105c                EXTI4_IRQHandler
                0x0800105c                RNG_IRQHandler
                0x0800105c                DMA1_Channel3_IRQHandler
                0x0800105c                COMP_IRQHandler
                0x0800105c                WWDG_IRQHandler
                0x0800105c                LPUART1_IRQHandler
                0x0800105c                DMA2_Channel6_IRQHandler
                0x0800105c                TIM2_IRQHandler
                0x0800105c                EXTI1_IRQHandler
                0x0800105c                USART2_IRQHandler
                0x0800105c                DMA1_Channel2_IRQHandler
                0x0800105c                CAN1_SCE_IRQHandler
                0x0800105c                FLASH_IRQHandler
                0x0800105c                USART1_IRQHandler
                0x0800105c                SPI3_IRQHandler
                0x0800105c                I2C1_ER_IRQHandler
                0x0800105c                SWPMI1_IRQHandler
                0x0800105c                LPTIM1_IRQHandler
                0x0800105c                SAI1_IRQHandler
                0x0800105c                DMA2_Channel3_IRQHandler
                0x0800105c                TIM1_BRK_TIM15_IRQHandler
 *fill*         0x0800105e        0x2 
 .text.LCD1602_writeCommand
                0x08001060       0xd0 ./Src/I2C_lcd16x2.o
 .text.LCD1602_writeData
                0x08001130       0xd8 ./Src/I2C_lcd16x2.o
 .text.comparar16bits
                0x08001208       0x52 ./Src/I2C_lcd16x2.o
 *fill*         0x0800125a        0x2 
 .text.LCD1602_i2c_Init
                0x0800125c       0x40 ./Src/I2C_lcd16x2.o
                0x0800125c                LCD1602_i2c_Init
 .text.LCD1602_print
                0x0800129c       0xd0 ./Src/I2C_lcd16x2.o
                0x0800129c                LCD1602_print
 .text.LCD1602_setCursor
                0x0800136c       0x4c ./Src/I2C_lcd16x2.o
                0x0800136c                LCD1602_setCursor
 .text.LCD1602_noCursor
                0x080013b8       0x1c ./Src/I2C_lcd16x2.o
                0x080013b8                LCD1602_noCursor
 .text.LCD1602_clear
                0x080013d4        0xe ./Src/I2C_lcd16x2.o
                0x080013d4                LCD1602_clear
 *fill*         0x080013e2        0x2 
 .text.LCD1602_print_special_caracter
                0x080013e4       0x4c ./Src/I2C_lcd16x2.o
 .text.LCD1602_special_caracter_Init
                0x08001430      0xbe4 ./Src/I2C_lcd16x2.o
                0x08001430                LCD1602_special_caracter_Init
 .text.main     0x08002014      0xa00 ./Src/main.o
                0x08002014                main
 .text.SystemClock_Config
                0x08002a14      0x114 ./Src/main.o
                0x08002a14                SystemClock_Config
 .text.MX_I2C1_Init
                0x08002b28       0x94 ./Src/main.o
 .text.MX_RTC_Init
                0x08002bbc       0xe8 ./Src/main.o
 .text.MX_USART2_UART_Init
                0x08002ca4       0x68 ./Src/main.o
 .text.MX_DMA_Init
                0x08002d0c       0x3c ./Src/main.o
 .text.MX_GPIO_Init
                0x08002d48       0xe4 ./Src/main.o
 .text.diferenca_de_seculos
                0x08002e2c       0x38 ./Src/main.o
                0x08002e2c                diferenca_de_seculos
 .text.segundos_interno
                0x08002e64       0x34 ./Src/main.o
                0x08002e64                segundos_interno
 .text.funcao_anos
                0x08002e98       0x6c ./Src/main.o
                0x08002e98                funcao_anos
 .text.funcao_anos_aux1
                0x08002f04      0x134 ./Src/main.o
                0x08002f04                funcao_anos_aux1
 .text.funcao_segundos_desde_1jan_agora
                0x08003038      0x150 ./Src/main.o
                0x08003038                funcao_segundos_desde_1jan_agora
 .text.funcao_segundos_desde_1jan_fixo
                0x08003188      0x164 ./Src/main.o
                0x08003188                funcao_segundos_desde_1jan_fixo
 .text.funcao_meses
                0x080032ec       0x58 ./Src/main.o
                0x080032ec                funcao_meses
 .text.funcao_meses_aux
                0x08003344      0x278 ./Src/main.o
                0x08003344                funcao_meses_aux
 .text.funcao_dias
                0x080035bc      0x1d0 ./Src/main.o
                0x080035bc                funcao_dias
 .text.funcao_horas
                0x0800378c       0xa8 ./Src/main.o
                0x0800378c                funcao_horas
 .text.funcao_minutos
                0x08003834       0xa8 ./Src/main.o
                0x08003834                funcao_minutos
 .text.funcao_segundos
                0x080038dc       0x78 ./Src/main.o
                0x080038dc                funcao_segundos
 *fill*         0x08003954        0x4 
 .text.luna_sync
                0x08003958      0xb4c ./Src/main.o
                0x08003958                luna_sync
 *fill*         0x080044a4        0x4 
 .text.clock_sync
                0x080044a8      0x474 ./Src/main.o
                0x080044a8                clock_sync
 .text.HAL_UART_RxCpltCallback
                0x0800491c       0x1c ./Src/main.o
                0x0800491c                HAL_UART_RxCpltCallback
 .text._Error_Handler
                0x08004938        0xc ./Src/main.o
                0x08004938                _Error_Handler
 .text.HAL_MspInit
                0x08004944       0x9c ./Src/stm32l4xx_hal_msp.o
                0x08004944                HAL_MspInit
 .text.HAL_I2C_MspInit
                0x080049e0       0x60 ./Src/stm32l4xx_hal_msp.o
                0x080049e0                HAL_I2C_MspInit
 .text.HAL_RTC_MspInit
                0x08004a40       0x34 ./Src/stm32l4xx_hal_msp.o
                0x08004a40                HAL_RTC_MspInit
 .text.HAL_UART_MspInit
                0x08004a74       0xc0 ./Src/stm32l4xx_hal_msp.o
                0x08004a74                HAL_UART_MspInit
 .text.NMI_Handler
                0x08004b34        0xc ./Src/stm32l4xx_it.o
                0x08004b34                NMI_Handler
 .text.HardFault_Handler
                0x08004b40        0x6 ./Src/stm32l4xx_it.o
                0x08004b40                HardFault_Handler
 .text.MemManage_Handler
                0x08004b46        0x6 ./Src/stm32l4xx_it.o
                0x08004b46                MemManage_Handler
 .text.BusFault_Handler
                0x08004b4c        0x6 ./Src/stm32l4xx_it.o
                0x08004b4c                BusFault_Handler
 .text.UsageFault_Handler
                0x08004b52        0x6 ./Src/stm32l4xx_it.o
                0x08004b52                UsageFault_Handler
 .text.SVC_Handler
                0x08004b58        0xc ./Src/stm32l4xx_it.o
                0x08004b58                SVC_Handler
 .text.DebugMon_Handler
                0x08004b64        0xc ./Src/stm32l4xx_it.o
                0x08004b64                DebugMon_Handler
 .text.PendSV_Handler
                0x08004b70        0xc ./Src/stm32l4xx_it.o
                0x08004b70                PendSV_Handler
 .text.SysTick_Handler
                0x08004b7c       0x10 ./Src/stm32l4xx_it.o
                0x08004b7c                SysTick_Handler
 .text.DMA1_Channel6_IRQHandler
                0x08004b8c       0x14 ./Src/stm32l4xx_it.o
                0x08004b8c                DMA1_Channel6_IRQHandler
 .text.SystemInit
                0x08004ba0       0x58 ./Src/system_stm32l4xx.o
                0x08004ba0                SystemInit
 .text.HAL_Init
                0x08004bf8       0x30 ./Drivers/STM32L4xx_HAL_Driver/Src/stm32l4xx_hal.o
                0x08004bf8                HAL_Init
 .text.HAL_InitTick
                0x08004c28       0x48 ./Drivers/STM32L4xx_HAL_Driver/Src/stm32l4xx_hal.o
                0x08004c28                HAL_InitTick
 .text.HAL_IncTick
                0x08004c70       0x1c ./Drivers/STM32L4xx_HAL_Driver/Src/stm32l4xx_hal.o
                0x08004c70                HAL_IncTick
 .text.HAL_GetTick
                0x08004c8c       0x14 ./Drivers/STM32L4xx_HAL_Driver/Src/stm32l4xx_hal.o
                0x08004c8c                HAL_GetTick
 .text.HAL_Delay
                0x08004ca0       0x3c ./Drivers/STM32L4xx_HAL_Driver/Src/stm32l4xx_hal.o
                0x08004ca0                HAL_Delay
 .text.NVIC_SetPriorityGrouping
                0x08004cdc       0x48 ./Drivers/STM32L4xx_HAL_Driver/Src/stm32l4xx_hal_cortex.o
 .text.NVIC_GetPriorityGrouping
                0x08004d24       0x1c ./Drivers/STM32L4xx_HAL_Driver/Src/stm32l4xx_hal_cortex.o
 .text.NVIC_EnableIRQ
                0x08004d40       0x30 ./Drivers/STM32L4xx_HAL_Driver/Src/stm32l4xx_hal_cortex.o
 .text.NVIC_SetPriority
                0x08004d70       0x54 ./Drivers/STM32L4xx_HAL_Driver/Src/stm32l4xx_hal_cortex.o
 .text.NVIC_EncodePriority
                0x08004dc4       0x64 ./Drivers/STM32L4xx_HAL_Driver/Src/stm32l4xx_hal_cortex.o
 .text.SysTick_Config
                0x08004e28       0x44 ./Drivers/STM32L4xx_HAL_Driver/Src/stm32l4xx_hal_cortex.o
 .text.HAL_NVIC_SetPriorityGrouping
                0x08004e6c       0x16 ./Drivers/STM32L4xx_HAL_Driver/Src/stm32l4xx_hal_cortex.o
                0x08004e6c                HAL_NVIC_SetPriorityGrouping
 .text.HAL_NVIC_SetPriority
                0x08004e82       0x38 ./Drivers/STM32L4xx_HAL_Driver/Src/stm32l4xx_hal_cortex.o
                0x08004e82                HAL_NVIC_SetPriority
 .text.HAL_NVIC_EnableIRQ
                0x08004eba       0x1c ./Drivers/STM32L4xx_HAL_Driver/Src/stm32l4xx_hal_cortex.o
                0x08004eba                HAL_NVIC_EnableIRQ
 .text.HAL_SYSTICK_Config
                0x08004ed6       0x18 ./Drivers/STM32L4xx_HAL_Driver/Src/stm32l4xx_hal_cortex.o
                0x08004ed6                HAL_SYSTICK_Config
 *fill*         0x08004eee        0x2 
 .text.HAL_SYSTICK_CLKSourceConfig
                0x08004ef0       0x38 ./Drivers/STM32L4xx_HAL_Driver/Src/stm32l4xx_hal_cortex.o
                0x08004ef0                HAL_SYSTICK_CLKSourceConfig
 .text.HAL_SYSTICK_IRQHandler
                0x08004f28        0xc ./Drivers/STM32L4xx_HAL_Driver/Src/stm32l4xx_hal_cortex.o
                0x08004f28                HAL_SYSTICK_IRQHandler
 .text.HAL_SYSTICK_Callback
                0x08004f34        0xc ./Drivers/STM32L4xx_HAL_Driver/Src/stm32l4xx_hal_cortex.o
                0x08004f34                HAL_SYSTICK_Callback
 .text.HAL_DMA_Init
                0x08004f40      0x170 ./Drivers/STM32L4xx_HAL_Driver/Src/stm32l4xx_hal_dma.o
                0x08004f40                HAL_DMA_Init
 .text.HAL_DMA_Start_IT
                0x080050b0       0xc0 ./Drivers/STM32L4xx_HAL_Driver/Src/stm32l4xx_hal_dma.o
                0x080050b0                HAL_DMA_Start_IT
 .text.HAL_DMA_Abort
                0x08005170       0x66 ./Drivers/STM32L4xx_HAL_Driver/Src/stm32l4xx_hal_dma.o
                0x08005170                HAL_DMA_Abort
 .text.HAL_DMA_IRQHandler
                0x080051d6      0x15e ./Drivers/STM32L4xx_HAL_Driver/Src/stm32l4xx_hal_dma.o
                0x080051d6                HAL_DMA_IRQHandler
 .text.DMA_SetConfig
                0x08005334       0x5e ./Drivers/STM32L4xx_HAL_Driver/Src/stm32l4xx_hal_dma.o
 *fill*         0x08005392        0x2 
 .text.HAL_GPIO_Init
                0x08005394      0x2d4 ./Drivers/STM32L4xx_HAL_Driver/Src/stm32l4xx_hal_gpio.o
                0x08005394                HAL_GPIO_Init
 .text.HAL_I2C_Init
                0x08005668      0x11e ./Drivers/STM32L4xx_HAL_Driver/Src/stm32l4xx_hal_i2c.o
                0x08005668                HAL_I2C_Init
 *fill*         0x08005786        0x2 
 .text.HAL_I2C_Master_Transmit
                0x08005788      0x1e8 ./Drivers/STM32L4xx_HAL_Driver/Src/stm32l4xx_hal_i2c.o
                0x08005788                HAL_I2C_Master_Transmit
 .text.I2C_Flush_TXDR
                0x08005970       0x46 ./Drivers/STM32L4xx_HAL_Driver/Src/stm32l4xx_hal_i2c.o
 .text.I2C_WaitOnFlagUntilTimeout
                0x080059b6       0x80 ./Drivers/STM32L4xx_HAL_Driver/Src/stm32l4xx_hal_i2c.o
 .text.I2C_WaitOnTXISFlagUntilTimeout
                0x08005a36       0x80 ./Drivers/STM32L4xx_HAL_Driver/Src/stm32l4xx_hal_i2c.o
 .text.I2C_WaitOnSTOPFlagUntilTimeout
                0x08005ab6       0x78 ./Drivers/STM32L4xx_HAL_Driver/Src/stm32l4xx_hal_i2c.o
 *fill*         0x08005b2e        0x2 
 .text.I2C_IsAcknowledgeFailed
                0x08005b30       0xcc ./Drivers/STM32L4xx_HAL_Driver/Src/stm32l4xx_hal_i2c.o
 .text.I2C_TransferConfig
                0x08005bfc       0x58 ./Drivers/STM32L4xx_HAL_Driver/Src/stm32l4xx_hal_i2c.o
 .text.HAL_I2CEx_ConfigAnalogFilter
                0x08005c54       0x94 ./Drivers/STM32L4xx_HAL_Driver/Src/stm32l4xx_hal_i2c_ex.o
                0x08005c54                HAL_I2CEx_ConfigAnalogFilter
 .text.HAL_I2CEx_ConfigDigitalFilter
                0x08005ce8       0x96 ./Drivers/STM32L4xx_HAL_Driver/Src/stm32l4xx_hal_i2c_ex.o
                0x08005ce8                HAL_I2CEx_ConfigDigitalFilter
 *fill*         0x08005d7e        0x2 
 .text.HAL_PWREx_GetVoltageRange
                0x08005d80       0x18 ./Drivers/STM32L4xx_HAL_Driver/Src/stm32l4xx_hal_pwr_ex.o
                0x08005d80                HAL_PWREx_GetVoltageRange
 .text.HAL_PWREx_ControlVoltageScaling
                0x08005d98       0xa8 ./Drivers/STM32L4xx_HAL_Driver/Src/stm32l4xx_hal_pwr_ex.o
                0x08005d98                HAL_PWREx_ControlVoltageScaling
 .text.HAL_RCC_OscConfig
                0x08005e40      0x74c ./Drivers/STM32L4xx_HAL_Driver/Src/stm32l4xx_hal_rcc.o
                0x08005e40                HAL_RCC_OscConfig
 .text.HAL_RCC_ClockConfig
                0x0800658c      0x1bc ./Drivers/STM32L4xx_HAL_Driver/Src/stm32l4xx_hal_rcc.o
                0x0800658c                HAL_RCC_ClockConfig
 .text.HAL_RCC_GetSysClockFreq
                0x08006748      0x138 ./Drivers/STM32L4xx_HAL_Driver/Src/stm32l4xx_hal_rcc.o
                0x08006748                HAL_RCC_GetSysClockFreq
 .text.HAL_RCC_GetHCLKFreq
                0x08006880       0x14 ./Drivers/STM32L4xx_HAL_Driver/Src/stm32l4xx_hal_rcc.o
                0x08006880                HAL_RCC_GetHCLKFreq
 .text.HAL_RCC_GetPCLK1Freq
                0x08006894       0x2c ./Drivers/STM32L4xx_HAL_Driver/Src/stm32l4xx_hal_rcc.o
                0x08006894                HAL_RCC_GetPCLK1Freq
 .text.HAL_RCC_GetPCLK2Freq
                0x080068c0       0x2c ./Drivers/STM32L4xx_HAL_Driver/Src/stm32l4xx_hal_rcc.o
                0x080068c0                HAL_RCC_GetPCLK2Freq
 .text.RCC_SetFlashLatencyFromMSIRange
                0x080068ec       0xc0 ./Drivers/STM32L4xx_HAL_Driver/Src/stm32l4xx_hal_rcc.o
 .text.HAL_RCCEx_PeriphCLKConfig
                0x080069ac      0x3e8 ./Drivers/STM32L4xx_HAL_Driver/Src/stm32l4xx_hal_rcc_ex.o
                0x080069ac                HAL_RCCEx_PeriphCLKConfig
 .text.RCCEx_PLLSAI1_Config
                0x08006d94      0x1e4 ./Drivers/STM32L4xx_HAL_Driver/Src/stm32l4xx_hal_rcc_ex.o
 .text.HAL_RTC_Init
                0x08006f78      0x142 ./Drivers/STM32L4xx_HAL_Driver/Src/stm32l4xx_hal_rtc.o
                0x08006f78                HAL_RTC_Init
 .text.HAL_RTC_SetTime
                0x080070ba      0x198 ./Drivers/STM32L4xx_HAL_Driver/Src/stm32l4xx_hal_rtc.o
                0x080070ba                HAL_RTC_SetTime
 .text.HAL_RTC_GetTime
                0x08007252       0xb8 ./Drivers/STM32L4xx_HAL_Driver/Src/stm32l4xx_hal_rtc.o
                0x08007252                HAL_RTC_GetTime
 .text.HAL_RTC_SetDate
                0x0800730a      0x15c ./Drivers/STM32L4xx_HAL_Driver/Src/stm32l4xx_hal_rtc.o
                0x0800730a                HAL_RTC_SetDate
 .text.HAL_RTC_GetDate
                0x08007466       0x9a ./Drivers/STM32L4xx_HAL_Driver/Src/stm32l4xx_hal_rtc.o
                0x08007466                HAL_RTC_GetDate
 .text.HAL_RTC_WaitForSynchro
                0x08007500       0x4c ./Drivers/STM32L4xx_HAL_Driver/Src/stm32l4xx_hal_rtc.o
                0x08007500                HAL_RTC_WaitForSynchro
 .text.RTC_EnterInitMode
                0x0800754c       0x54 ./Drivers/STM32L4xx_HAL_Driver/Src/stm32l4xx_hal_rtc.o
                0x0800754c                RTC_EnterInitMode
 .text.RTC_ByteToBcd2
                0x080075a0       0x3e ./Drivers/STM32L4xx_HAL_Driver/Src/stm32l4xx_hal_rtc.o
                0x080075a0                RTC_ByteToBcd2
 .text.RTC_Bcd2ToByte
                0x080075de       0x32 ./Drivers/STM32L4xx_HAL_Driver/Src/stm32l4xx_hal_rtc.o
                0x080075de                RTC_Bcd2ToByte
 .text.HAL_UART_Init
                0x08007610       0xa2 ./Drivers/STM32L4xx_HAL_Driver/Src/stm32l4xx_hal_uart.o
                0x08007610                HAL_UART_Init
 .text.HAL_UART_Transmit
                0x080076b2      0x11a ./Drivers/STM32L4xx_HAL_Driver/Src/stm32l4xx_hal_uart.o
                0x080076b2                HAL_UART_Transmit
 .text.HAL_UART_Receive_DMA
                0x080077cc       0xe8 ./Drivers/STM32L4xx_HAL_Driver/Src/stm32l4xx_hal_uart.o
                0x080077cc                HAL_UART_Receive_DMA
 .text.HAL_UART_DMAStop
                0x080078b4       0x96 ./Drivers/STM32L4xx_HAL_Driver/Src/stm32l4xx_hal_uart.o
                0x080078b4                HAL_UART_DMAStop
 .text.HAL_UART_RxHalfCpltCallback
                0x0800794a       0x12 ./Drivers/STM32L4xx_HAL_Driver/Src/stm32l4xx_hal_uart.o
                0x0800794a                HAL_UART_RxHalfCpltCallback
 .text.HAL_UART_ErrorCallback
                0x0800795c       0x12 ./Drivers/STM32L4xx_HAL_Driver/Src/stm32l4xx_hal_uart.o
                0x0800795c                HAL_UART_ErrorCallback
 *fill*         0x0800796e        0x2 
 .text.UART_SetConfig
                0x08007970      0x5cc ./Drivers/STM32L4xx_HAL_Driver/Src/stm32l4xx_hal_uart.o
                0x08007970                UART_SetConfig
 .text.UART_AdvFeatureConfig
                0x08007f3c      0x142 ./Drivers/STM32L4xx_HAL_Driver/Src/stm32l4xx_hal_uart.o
                0x08007f3c                UART_AdvFeatureConfig
 .text.UART_CheckIdleState
                0x0800807e       0x92 ./Drivers/STM32L4xx_HAL_Driver/Src/stm32l4xx_hal_uart.o
                0x0800807e                UART_CheckIdleState
 .text.UART_WaitOnFlagUntilTimeout
                0x08008110       0x94 ./Drivers/STM32L4xx_HAL_Driver/Src/stm32l4xx_hal_uart.o
                0x08008110                UART_WaitOnFlagUntilTimeout
 .text.UART_EndTxTransfer
                0x080081a4       0x2a ./Drivers/STM32L4xx_HAL_Driver/Src/stm32l4xx_hal_uart.o
 .text.UART_EndRxTransfer
                0x080081ce       0x40 ./Drivers/STM32L4xx_HAL_Driver/Src/stm32l4xx_hal_uart.o
 .text.UART_DMAReceiveCplt
                0x0800820e       0x6a ./Drivers/STM32L4xx_HAL_Driver/Src/stm32l4xx_hal_uart.o
 .text.UART_DMARxHalfCplt
                0x08008278       0x1c ./Drivers/STM32L4xx_HAL_Driver/Src/stm32l4xx_hal_uart.o
 .text.UART_DMAError
                0x08008294       0x78 ./Drivers/STM32L4xx_HAL_Driver/Src/stm32l4xx_hal_uart.o
 .text.__libc_init_array
                0x0800830c       0x48 c:/program files (x86)/gnu tools arm embedded/9 2019-q4-major/bin/../lib/gcc/arm-none-eabi/9.2.1/../../../../arm-none-eabi/lib/thumb/v7e-m/nofp\libg_nano.a(lib_a-init.o)
                0x0800830c                __libc_init_array
 .text.memset   0x08008354       0x10 c:/program files (x86)/gnu tools arm embedded/9 2019-q4-major/bin/../lib/gcc/arm-none-eabi/9.2.1/../../../../arm-none-eabi/lib/thumb/v7e-m/nofp\libg_nano.a(lib_a-memset.o)
                0x08008354                memset
 .text.__cvt    0x08008364       0xc0 c:/program files (x86)/gnu tools arm embedded/9 2019-q4-major/bin/../lib/gcc/arm-none-eabi/9.2.1/../../../../arm-none-eabi/lib/thumb/v7e-m/nofp\libg_nano.a(lib_a-nano-vfprintf_float.o)
                0x08008364                __cvt
 .text.__exponent
                0x08008424       0x7c c:/program files (x86)/gnu tools arm embedded/9 2019-q4-major/bin/../lib/gcc/arm-none-eabi/9.2.1/../../../../arm-none-eabi/lib/thumb/v7e-m/nofp\libg_nano.a(lib_a-nano-vfprintf_float.o)
                0x08008424                __exponent
 .text._printf_float
                0x080084a0      0x454 c:/program files (x86)/gnu tools arm embedded/9 2019-q4-major/bin/../lib/gcc/arm-none-eabi/9.2.1/../../../../arm-none-eabi/lib/thumb/v7e-m/nofp\libg_nano.a(lib_a-nano-vfprintf_float.o)
                0x080084a0                _printf_float
 .text._printf_common
                0x080088f4       0xda c:/program files (x86)/gnu tools arm embedded/9 2019-q4-major/bin/../lib/gcc/arm-none-eabi/9.2.1/../../../../arm-none-eabi/lib/thumb/v7e-m/nofp\libg_nano.a(lib_a-nano-vfprintf_i.o)
                0x080088f4                _printf_common
 *fill*         0x080089ce        0x2 
 .text._printf_i
                0x080089d0      0x24c c:/program files (x86)/gnu tools arm embedded/9 2019-q4-major/bin/../lib/gcc/arm-none-eabi/9.2.1/../../../../arm-none-eabi/lib/thumb/v7e-m/nofp\libg_nano.a(lib_a-nano-vfprintf_i.o)
                0x080089d0                _printf_i
 .text._scanf_float
                0x08008c1c      0x420 c:/program files (x86)/gnu tools arm embedded/9 2019-q4-major/bin/../lib/gcc/arm-none-eabi/9.2.1/../../../../arm-none-eabi/lib/thumb/v7e-m/nofp\libg_nano.a(lib_a-nano-vfscanf_float.o)
                0x08008c1c                _scanf_float
 .text.nanf     0x0800903c        0x8 c:/program files (x86)/gnu tools arm embedded/9 2019-q4-major/bin/../lib/gcc/arm-none-eabi/9.2.1/../../../../arm-none-eabi/lib/thumb/v7e-m/nofp\libg_nano.a(lib_a-sf_nan.o)
                0x0800903c                nanf
 .text.sprintf  0x08009044       0x40 c:/program files (x86)/gnu tools arm embedded/9 2019-q4-major/bin/../lib/gcc/arm-none-eabi/9.2.1/../../../../arm-none-eabi/lib/thumb/v7e-m/nofp\libg_nano.a(lib_a-sprintf.o)
                0x08009044                siprintf
                0x08009044                sprintf
 .text.strncmp  0x08009084       0x24 c:/program files (x86)/gnu tools arm embedded/9 2019-q4-major/bin/../lib/gcc/arm-none-eabi/9.2.1/../../../../arm-none-eabi/lib/thumb/v7e-m/nofp\libg_nano.a(lib_a-strncmp.o)
                0x08009084                strncmp
 .text.sulp     0x080090a8       0x42 c:/program files (x86)/gnu tools arm embedded/9 2019-q4-major/bin/../lib/gcc/arm-none-eabi/9.2.1/../../../../arm-none-eabi/lib/thumb/v7e-m/nofp\libg_nano.a(lib_a-strtod.o)
 *fill*         0x080090ea        0x6 
 .text._strtod_l
                0x080090f0      0xbe8 c:/program files (x86)/gnu tools arm embedded/9 2019-q4-major/bin/../lib/gcc/arm-none-eabi/9.2.1/../../../../arm-none-eabi/lib/thumb/v7e-m/nofp\libg_nano.a(lib_a-strtod.o)
                0x080090f0                _strtod_l
 .text._strtod_r
                0x08009cd8        0xc c:/program files (x86)/gnu tools arm embedded/9 2019-q4-major/bin/../lib/gcc/arm-none-eabi/9.2.1/../../../../arm-none-eabi/lib/thumb/v7e-m/nofp\libg_nano.a(lib_a-strtod.o)
                0x08009cd8                _strtod_r
 .text._strtol_l.isra.0
                0x08009ce4       0xf4 c:/program files (x86)/gnu tools arm embedded/9 2019-q4-major/bin/../lib/gcc/arm-none-eabi/9.2.1/../../../../arm-none-eabi/lib/thumb/v7e-m/nofp\libg_nano.a(lib_a-strtol.o)
 .text._strtol_r
                0x08009dd8        0x4 c:/program files (x86)/gnu tools arm embedded/9 2019-q4-major/bin/../lib/gcc/arm-none-eabi/9.2.1/../../../../arm-none-eabi/lib/thumb/v7e-m/nofp\libg_nano.a(lib_a-strtol.o)
                0x08009dd8                _strtol_r
 .text.quorem   0x08009ddc      0x116 c:/program files (x86)/gnu tools arm embedded/9 2019-q4-major/bin/../lib/gcc/arm-none-eabi/9.2.1/../../../../arm-none-eabi/lib/thumb/v7e-m/nofp\libg_nano.a(lib_a-dtoa.o)
 *fill*         0x08009ef2        0x6 
 .text._dtoa_r  0x08009ef8      0xba4 c:/program files (x86)/gnu tools arm embedded/9 2019-q4-major/bin/../lib/gcc/arm-none-eabi/9.2.1/../../../../arm-none-eabi/lib/thumb/v7e-m/nofp\libg_nano.a(lib_a-dtoa.o)
                0x08009ef8                _dtoa_r
 .text.rshift   0x0800aa9c       0xa4 c:/program files (x86)/gnu tools arm embedded/9 2019-q4-major/bin/../lib/gcc/arm-none-eabi/9.2.1/../../../../arm-none-eabi/lib/thumb/v7e-m/nofp\libg_nano.a(lib_a-gdtoa-gethex.o)
 .text.__hexdig_fun
                0x0800ab40       0x2a c:/program files (x86)/gnu tools arm embedded/9 2019-q4-major/bin/../lib/gcc/arm-none-eabi/9.2.1/../../../../arm-none-eabi/lib/thumb/v7e-m/nofp\libg_nano.a(lib_a-gdtoa-gethex.o)
                0x0800ab40                __hexdig_fun
 *fill*         0x0800ab6a        0x2 
 .text.__gethex
                0x0800ab6c      0x454 c:/program files (x86)/gnu tools arm embedded/9 2019-q4-major/bin/../lib/gcc/arm-none-eabi/9.2.1/../../../../arm-none-eabi/lib/thumb/v7e-m/nofp\libg_nano.a(lib_a-gdtoa-gethex.o)
                0x0800ab6c                __gethex
 .text.L_shift  0x0800afc0       0x24 c:/program files (x86)/gnu tools arm embedded/9 2019-q4-major/bin/../lib/gcc/arm-none-eabi/9.2.1/../../../../arm-none-eabi/lib/thumb/v7e-m/nofp\libg_nano.a(lib_a-gdtoa-hexnan.o)
 .text.__match  0x0800afe4       0x28 c:/program files (x86)/gnu tools arm embedded/9 2019-q4-major/bin/../lib/gcc/arm-none-eabi/9.2.1/../../../../arm-none-eabi/lib/thumb/v7e-m/nofp\libg_nano.a(lib_a-gdtoa-hexnan.o)
                0x0800afe4                __match
 .text.__hexnan
                0x0800b00c      0x138 c:/program files (x86)/gnu tools arm embedded/9 2019-q4-major/bin/../lib/gcc/arm-none-eabi/9.2.1/../../../../arm-none-eabi/lib/thumb/v7e-m/nofp\libg_nano.a(lib_a-gdtoa-hexnan.o)
                0x0800b00c                __hexnan
 .text._localeconv_r
                0x0800b144        0x8 c:/program files (x86)/gnu tools arm embedded/9 2019-q4-major/bin/../lib/gcc/arm-none-eabi/9.2.1/../../../../arm-none-eabi/lib/thumb/v7e-m/nofp\libg_nano.a(lib_a-localeconv.o)
                0x0800b144                _localeconv_r
 .text.malloc   0x0800b14c       0x10 c:/program files (x86)/gnu tools arm embedded/9 2019-q4-major/bin/../lib/gcc/arm-none-eabi/9.2.1/../../../../arm-none-eabi/lib/thumb/v7e-m/nofp\libg_nano.a(lib_a-malloc.o)
                0x0800b14c                malloc
 .text.__ascii_mbtowc
                0x0800b15c       0x24 c:/program files (x86)/gnu tools arm embedded/9 2019-q4-major/bin/../lib/gcc/arm-none-eabi/9.2.1/../../../../arm-none-eabi/lib/thumb/v7e-m/nofp\libg_nano.a(lib_a-mbtowc_r.o)
                0x0800b15c                __ascii_mbtowc
 .text.memcpy   0x0800b180       0x1c c:/program files (x86)/gnu tools arm embedded/9 2019-q4-major/bin/../lib/gcc/arm-none-eabi/9.2.1/../../../../arm-none-eabi/lib/thumb/v7e-m/nofp\libg_nano.a(lib_a-memcpy-stub.o)
                0x0800b180                memcpy
 .text._Balloc  0x0800b19c       0x68 c:/program files (x86)/gnu tools arm embedded/9 2019-q4-major/bin/../lib/gcc/arm-none-eabi/9.2.1/../../../../arm-none-eabi/lib/thumb/v7e-m/nofp\libg_nano.a(lib_a-mprec.o)
                0x0800b19c                _Balloc
 .text._Bfree   0x0800b204       0x2e c:/program files (x86)/gnu tools arm embedded/9 2019-q4-major/bin/../lib/gcc/arm-none-eabi/9.2.1/../../../../arm-none-eabi/lib/thumb/v7e-m/nofp\libg_nano.a(lib_a-mprec.o)
                0x0800b204                _Bfree
 .text.__multadd
                0x0800b232       0x7c c:/program files (x86)/gnu tools arm embedded/9 2019-q4-major/bin/../lib/gcc/arm-none-eabi/9.2.1/../../../../arm-none-eabi/lib/thumb/v7e-m/nofp\libg_nano.a(lib_a-mprec.o)
                0x0800b232                __multadd
 .text.__s2b    0x0800b2ae       0x7c c:/program files (x86)/gnu tools arm embedded/9 2019-q4-major/bin/../lib/gcc/arm-none-eabi/9.2.1/../../../../arm-none-eabi/lib/thumb/v7e-m/nofp\libg_nano.a(lib_a-mprec.o)
                0x0800b2ae                __s2b
 .text.__hi0bits
                0x0800b32a       0x40 c:/program files (x86)/gnu tools arm embedded/9 2019-q4-major/bin/../lib/gcc/arm-none-eabi/9.2.1/../../../../arm-none-eabi/lib/thumb/v7e-m/nofp\libg_nano.a(lib_a-mprec.o)
                0x0800b32a                __hi0bits
 .text.__lo0bits
                0x0800b36a       0x5c c:/program files (x86)/gnu tools arm embedded/9 2019-q4-major/bin/../lib/gcc/arm-none-eabi/9.2.1/../../../../arm-none-eabi/lib/thumb/v7e-m/nofp\libg_nano.a(lib_a-mprec.o)
                0x0800b36a                __lo0bits
 .text.__i2b    0x0800b3c6       0x12 c:/program files (x86)/gnu tools arm embedded/9 2019-q4-major/bin/../lib/gcc/arm-none-eabi/9.2.1/../../../../arm-none-eabi/lib/thumb/v7e-m/nofp\libg_nano.a(lib_a-mprec.o)
                0x0800b3c6                __i2b
 .text.__multiply
                0x0800b3d8      0x138 c:/program files (x86)/gnu tools arm embedded/9 2019-q4-major/bin/../lib/gcc/arm-none-eabi/9.2.1/../../../../arm-none-eabi/lib/thumb/v7e-m/nofp\libg_nano.a(lib_a-mprec.o)
                0x0800b3d8                __multiply
 .text.__pow5mult
                0x0800b510       0x9c c:/program files (x86)/gnu tools arm embedded/9 2019-q4-major/bin/../lib/gcc/arm-none-eabi/9.2.1/../../../../arm-none-eabi/lib/thumb/v7e-m/nofp\libg_nano.a(lib_a-mprec.o)
                0x0800b510                __pow5mult
 .text.__lshift
                0x0800b5ac       0xbe c:/program files (x86)/gnu tools arm embedded/9 2019-q4-major/bin/../lib/gcc/arm-none-eabi/9.2.1/../../../../arm-none-eabi/lib/thumb/v7e-m/nofp\libg_nano.a(lib_a-mprec.o)
                0x0800b5ac                __lshift
 .text.__mcmp   0x0800b66a       0x36 c:/program files (x86)/gnu tools arm embedded/9 2019-q4-major/bin/../lib/gcc/arm-none-eabi/9.2.1/../../../../arm-none-eabi/lib/thumb/v7e-m/nofp\libg_nano.a(lib_a-mprec.o)
                0x0800b66a                __mcmp
 .text.__mdiff  0x0800b6a0       0xec c:/program files (x86)/gnu tools arm embedded/9 2019-q4-major/bin/../lib/gcc/arm-none-eabi/9.2.1/../../../../arm-none-eabi/lib/thumb/v7e-m/nofp\libg_nano.a(lib_a-mprec.o)
                0x0800b6a0                __mdiff
 .text.__ulp    0x0800b78c       0x4c c:/program files (x86)/gnu tools arm embedded/9 2019-q4-major/bin/../lib/gcc/arm-none-eabi/9.2.1/../../../../arm-none-eabi/lib/thumb/v7e-m/nofp\libg_nano.a(lib_a-mprec.o)
                0x0800b78c                __ulp
 .text.__b2d    0x0800b7d8       0xa8 c:/program files (x86)/gnu tools arm embedded/9 2019-q4-major/bin/../lib/gcc/arm-none-eabi/9.2.1/../../../../arm-none-eabi/lib/thumb/v7e-m/nofp\libg_nano.a(lib_a-mprec.o)
                0x0800b7d8                __b2d
 .text.__d2b    0x0800b880       0x9e c:/program files (x86)/gnu tools arm embedded/9 2019-q4-major/bin/../lib/gcc/arm-none-eabi/9.2.1/../../../../arm-none-eabi/lib/thumb/v7e-m/nofp\libg_nano.a(lib_a-mprec.o)
                0x0800b880                __d2b
 .text.__ratio  0x0800b91e       0x5c c:/program files (x86)/gnu tools arm embedded/9 2019-q4-major/bin/../lib/gcc/arm-none-eabi/9.2.1/../../../../arm-none-eabi/lib/thumb/v7e-m/nofp\libg_nano.a(lib_a-mprec.o)
                0x0800b91e                __ratio
 .text.__copybits
                0x0800b97a       0x46 c:/program files (x86)/gnu tools arm embedded/9 2019-q4-major/bin/../lib/gcc/arm-none-eabi/9.2.1/../../../../arm-none-eabi/lib/thumb/v7e-m/nofp\libg_nano.a(lib_a-mprec.o)
                0x0800b97a                __copybits
 .text.__any_on
                0x0800b9c0       0x42 c:/program files (x86)/gnu tools arm embedded/9 2019-q4-major/bin/../lib/gcc/arm-none-eabi/9.2.1/../../../../arm-none-eabi/lib/thumb/v7e-m/nofp\libg_nano.a(lib_a-mprec.o)
                0x0800b9c0                __any_on
 .text._calloc_r
                0x0800ba02       0x1c c:/program files (x86)/gnu tools arm embedded/9 2019-q4-major/bin/../lib/gcc/arm-none-eabi/9.2.1/../../../../arm-none-eabi/lib/thumb/v7e-m/nofp\libg_nano.a(lib_a-nano-callocr.o)
                0x0800ba02                _calloc_r
 *fill*         0x0800ba1e        0x2 
 .text._free_r  0x0800ba20       0x9c c:/program files (x86)/gnu tools arm embedded/9 2019-q4-major/bin/../lib/gcc/arm-none-eabi/9.2.1/../../../../arm-none-eabi/lib/thumb/v7e-m/nofp\libg_nano.a(lib_a-nano-freer.o)
                0x0800ba20                _free_r
 .text._malloc_r
                0x0800babc       0xb4 c:/program files (x86)/gnu tools arm embedded/9 2019-q4-major/bin/../lib/gcc/arm-none-eabi/9.2.1/../../../../arm-none-eabi/lib/thumb/v7e-m/nofp\libg_nano.a(lib_a-nano-mallocr.o)
                0x0800babc                _malloc_r
 .text.__ssputs_r
                0x0800bb70       0xb6 c:/program files (x86)/gnu tools arm embedded/9 2019-q4-major/bin/../lib/gcc/arm-none-eabi/9.2.1/../../../../arm-none-eabi/lib/thumb/v7e-m/nofp\libg_nano.a(lib_a-nano-svfprintf.o)
                0x0800bb70                __ssputs_r
 *fill*         0x0800bc26        0x2 
 .text._svfprintf_r
                0x0800bc28      0x200 c:/program files (x86)/gnu tools arm embedded/9 2019-q4-major/bin/../lib/gcc/arm-none-eabi/9.2.1/../../../../arm-none-eabi/lib/thumb/v7e-m/nofp\libg_nano.a(lib_a-nano-svfprintf.o)
                0x0800bc28                _svfiprintf_r
                0x0800bc28                _svfprintf_r
 .text.nan      0x0800be28        0xc c:/program files (x86)/gnu tools arm embedded/9 2019-q4-major/bin/../lib/gcc/arm-none-eabi/9.2.1/../../../../arm-none-eabi/lib/thumb/v7e-m/nofp\libg_nano.a(lib_a-s_nan.o)
                0x0800be28                nan
 .text._sbrk_r  0x0800be34       0x20 c:/program files (x86)/gnu tools arm embedded/9 2019-q4-major/bin/../lib/gcc/arm-none-eabi/9.2.1/../../../../arm-none-eabi/lib/thumb/v7e-m/nofp\libg_nano.a(lib_a-sbrkr.o)
                0x0800be34                _sbrk_r
 .text.__ascii_wctomb
                0x0800be54       0x1a c:/program files (x86)/gnu tools arm embedded/9 2019-q4-major/bin/../lib/gcc/arm-none-eabi/9.2.1/../../../../arm-none-eabi/lib/thumb/v7e-m/nofp\libg_nano.a(lib_a-wctomb_r.o)
                0x0800be54                __ascii_wctomb
 .text.memmove  0x0800be6e       0x34 c:/program files (x86)/gnu tools arm embedded/9 2019-q4-major/bin/../lib/gcc/arm-none-eabi/9.2.1/../../../../arm-none-eabi/lib/thumb/v7e-m/nofp\libg_nano.a(lib_a-memmove.o)
                0x0800be6e                memmove
 *fill*         0x0800bea2        0x2 
 .text.__malloc_lock
                0x0800bea4        0xc c:/program files (x86)/gnu tools arm embedded/9 2019-q4-major/bin/../lib/gcc/arm-none-eabi/9.2.1/../../../../arm-none-eabi/lib/thumb/v7e-m/nofp\libg_nano.a(lib_a-mlock.o)
                0x0800bea4                __malloc_lock
 .text.__malloc_unlock
                0x0800beb0        0xc c:/program files (x86)/gnu tools arm embedded/9 2019-q4-major/bin/../lib/gcc/arm-none-eabi/9.2.1/../../../../arm-none-eabi/lib/thumb/v7e-m/nofp\libg_nano.a(lib_a-mlock.o)
                0x0800beb0                __malloc_unlock
 .text._realloc_r
                0x0800bebc       0x4c c:/program files (x86)/gnu tools arm embedded/9 2019-q4-major/bin/../lib/gcc/arm-none-eabi/9.2.1/../../../../arm-none-eabi/lib/thumb/v7e-m/nofp\libg_nano.a(lib_a-nano-reallocr.o)
                0x0800bebc                _realloc_r
 .text.__retarget_lock_acquire_recursive
                0x0800bf08        0x2 c:/program files (x86)/gnu tools arm embedded/9 2019-q4-major/bin/../lib/gcc/arm-none-eabi/9.2.1/../../../../arm-none-eabi/lib/thumb/v7e-m/nofp\libg_nano.a(lib_a-lock.o)
                0x0800bf08                __retarget_lock_acquire_recursive
 .text.__retarget_lock_release_recursive
                0x0800bf0a        0x2 c:/program files (x86)/gnu tools arm embedded/9 2019-q4-major/bin/../lib/gcc/arm-none-eabi/9.2.1/../../../../arm-none-eabi/lib/thumb/v7e-m/nofp\libg_nano.a(lib_a-lock.o)
                0x0800bf0a                __retarget_lock_release_recursive
 .text._malloc_usable_size_r
                0x0800bf0c       0x10 c:/program files (x86)/gnu tools arm embedded/9 2019-q4-major/bin/../lib/gcc/arm-none-eabi/9.2.1/../../../../arm-none-eabi/lib/thumb/v7e-m/nofp\libg_nano.a(lib_a-nano-msizer.o)
                0x0800bf0c                _malloc_usable_size_r
 .text._sbrk    0x0800bf1c       0x1c c:/program files (x86)/gnu tools arm embedded/9 2019-q4-major/bin/../lib/gcc/arm-none-eabi/9.2.1/../../../../arm-none-eabi/lib/thumb/v7e-m/nofp\libnosys.a(sbrk.o)
                0x0800bf1c                _sbrk
 .text.cos      0x0800bf38       0xac c:/program files (x86)/gnu tools arm embedded/9 2019-q4-major/bin/../lib/gcc/arm-none-eabi/9.2.1/../../../../arm-none-eabi/lib/thumb/v7e-m/nofp\libm.a(lib_a-s_cos.o)
                0x0800bf38                cos
 *fill*         0x0800bfe4        0x4 
 .text.__ieee754_rem_pio2
                0x0800bfe8      0x444 c:/program files (x86)/gnu tools arm embedded/9 2019-q4-major/bin/../lib/gcc/arm-none-eabi/9.2.1/../../../../arm-none-eabi/lib/thumb/v7e-m/nofp\libm.a(lib_a-e_rem_pio2.o)
                0x0800bfe8                __ieee754_rem_pio2
 *fill*         0x0800c42c        0x4 
 .text.__kernel_cos
                0x0800c430      0x258 c:/program files (x86)/gnu tools arm embedded/9 2019-q4-major/bin/../lib/gcc/arm-none-eabi/9.2.1/../../../../arm-none-eabi/lib/thumb/v7e-m/nofp\libm.a(lib_a-k_cos.o)
                0x0800c430                __kernel_cos
 .text.__kernel_rem_pio2
                0x0800c688      0x84c c:/program files (x86)/gnu tools arm embedded/9 2019-q4-major/bin/../lib/gcc/arm-none-eabi/9.2.1/../../../../arm-none-eabi/lib/thumb/v7e-m/nofp\libm.a(lib_a-k_rem_pio2.o)
                0x0800c688                __kernel_rem_pio2
 *fill*         0x0800ced4        0x4 
 .text.__kernel_sin
                0x0800ced8      0x184 c:/program files (x86)/gnu tools arm embedded/9 2019-q4-major/bin/../lib/gcc/arm-none-eabi/9.2.1/../../../../arm-none-eabi/lib/thumb/v7e-m/nofp\libm.a(lib_a-k_sin.o)
                0x0800ced8                __kernel_sin
 .text.fabs     0x0800d05c        0x8 c:/program files (x86)/gnu tools arm embedded/9 2019-q4-major/bin/../lib/gcc/arm-none-eabi/9.2.1/../../../../arm-none-eabi/lib/thumb/v7e-m/nofp\libm.a(lib_a-s_fabs.o)
                0x0800d05c                fabs
 *fill*         0x0800d064        0x4 
 .text.floor    0x0800d068       0xf8 c:/program files (x86)/gnu tools arm embedded/9 2019-q4-major/bin/../lib/gcc/arm-none-eabi/9.2.1/../../../../arm-none-eabi/lib/thumb/v7e-m/nofp\libm.a(lib_a-s_floor.o)
                0x0800d068                floor
 .text.scalbn   0x0800d160       0xf4 c:/program files (x86)/gnu tools arm embedded/9 2019-q4-major/bin/../lib/gcc/arm-none-eabi/9.2.1/../../../../arm-none-eabi/lib/thumb/v7e-m/nofp\libm.a(lib_a-s_scalbn.o)
                0x0800d160                scalbn
 *(.glue_7)
 .glue_7        0x0800d254        0x0 linker stubs
 *(.glue_7t)
 .glue_7t       0x0800d254        0x0 linker stubs
 *(.eh_frame)
 .eh_frame      0x0800d254        0x0 c:/program files (x86)/gnu tools arm embedded/9 2019-q4-major/bin/../lib/gcc/arm-none-eabi/9.2.1/thumb/v7e-m/nofp/crtbegin.o
 *(.init)
 .init          0x0800d254        0x4 c:/program files (x86)/gnu tools arm embedded/9 2019-q4-major/bin/../lib/gcc/arm-none-eabi/9.2.1/thumb/v7e-m/nofp/crti.o
                0x0800d254                _init
 .init          0x0800d258        0x8 c:/program files (x86)/gnu tools arm embedded/9 2019-q4-major/bin/../lib/gcc/arm-none-eabi/9.2.1/thumb/v7e-m/nofp/crtn.o
 *(.fini)
 .fini          0x0800d260        0x4 c:/program files (x86)/gnu tools arm embedded/9 2019-q4-major/bin/../lib/gcc/arm-none-eabi/9.2.1/thumb/v7e-m/nofp/crti.o
                0x0800d260                _fini
 .fini          0x0800d264        0x8 c:/program files (x86)/gnu tools arm embedded/9 2019-q4-major/bin/../lib/gcc/arm-none-eabi/9.2.1/thumb/v7e-m/nofp/crtn.o
                0x0800d270                . = ALIGN (0x8)
 *fill*         0x0800d26c        0x4 
                0x0800d270                _etext = .

.vfp11_veneer   0x0800d270        0x0
 .vfp11_veneer  0x0800d270        0x0 linker stubs

.v4_bx          0x0800d270        0x0
 .v4_bx         0x0800d270        0x0 linker stubs

.iplt           0x0800d270        0x0
 .iplt          0x0800d270        0x0 c:/program files (x86)/gnu tools arm embedded/9 2019-q4-major/bin/../lib/gcc/arm-none-eabi/9.2.1/thumb/v7e-m/nofp/crtbegin.o

.rodata         0x0800d270      0x860
                0x0800d270                . = ALIGN (0x8)
 *(.rodata)
 .rodata        0x0800d270       0x5b ./Src/I2C_lcd16x2.o
 *fill*         0x0800d2cb        0x1 
 .rodata        0x0800d2cc      0x256 ./Src/main.o
 *fill*         0x0800d522        0x2 
 .rodata        0x0800d524       0x1b ./Src/stm32l4xx_hal_msp.o
 *(.rodata*)
 *fill*         0x0800d53f        0x1 
 .rodata.a_agudo_minusculo
                0x0800d540        0x8 ./Src/I2C_lcd16x2.o
                0x0800d540                a_agudo_minusculo
 .rodata.e_agudo_minusculo
                0x0800d548        0x8 ./Src/I2C_lcd16x2.o
                0x0800d548                e_agudo_minusculo
 .rodata.i_agudo_minusculo
                0x0800d550        0x8 ./Src/I2C_lcd16x2.o
                0x0800d550                i_agudo_minusculo
 .rodata.o_agudo_minusculo
                0x0800d558        0x8 ./Src/I2C_lcd16x2.o
                0x0800d558                o_agudo_minusculo
 .rodata.u_agudo_minusculo
                0x0800d560        0x8 ./Src/I2C_lcd16x2.o
                0x0800d560                u_agudo_minusculo
 .rodata.cedilha_minusculo
                0x0800d568        0x8 ./Src/I2C_lcd16x2.o
                0x0800d568                cedilha_minusculo
 .rodata.a_til_minusculo
                0x0800d570        0x8 ./Src/I2C_lcd16x2.o
                0x0800d570                a_til_minusculo
 .rodata.o_circunflexo_minusculo
                0x0800d578        0x8 ./Src/I2C_lcd16x2.o
                0x0800d578                o_circunflexo_minusculo
 .rodata.a_circunflexo_minusculo
                0x0800d580        0x8 ./Src/I2C_lcd16x2.o
                0x0800d580                a_circunflexo_minusculo
 .rodata.e_circunflexo_minusculo
                0x0800d588        0x8 ./Src/I2C_lcd16x2.o
                0x0800d588                e_circunflexo_minusculo
 .rodata.o_til_minusculo
                0x0800d590        0x8 ./Src/I2C_lcd16x2.o
                0x0800d590                o_til_minusculo
 .rodata.a_grave_minusculo
                0x0800d598        0x8 ./Src/I2C_lcd16x2.o
                0x0800d598                a_grave_minusculo
 .rodata.vazio  0x0800d5a0        0x8 ./Src/I2C_lcd16x2.o
                0x0800d5a0                vazio
 .rodata.lua_nova_esquerda
                0x0800d5a8        0x8 ./Src/I2C_lcd16x2.o
                0x0800d5a8                lua_nova_esquerda
 .rodata.lua_nova_direita
                0x0800d5b0        0x8 ./Src/I2C_lcd16x2.o
                0x0800d5b0                lua_nova_direita
 .rodata.lua_cheia_direita
                0x0800d5b8        0x8 ./Src/I2C_lcd16x2.o
                0x0800d5b8                lua_cheia_direita
 .rodata.lua_cheia_esquerda
                0x0800d5c0        0x8 ./Src/I2C_lcd16x2.o
                0x0800d5c0                lua_cheia_esquerda
 .rodata.lua_crescente
                0x0800d5c8        0x8 ./Src/I2C_lcd16x2.o
                0x0800d5c8                lua_crescente
 .rodata.lua_crescente_gibosa
                0x0800d5d0        0x8 ./Src/I2C_lcd16x2.o
                0x0800d5d0                lua_crescente_gibosa
 .rodata.lua_minguante_gibosa
                0x0800d5d8        0x8 ./Src/I2C_lcd16x2.o
                0x0800d5d8                lua_minguante_gibosa
 .rodata.lua_minguante
                0x0800d5e0        0x8 ./Src/I2C_lcd16x2.o
                0x0800d5e0                lua_minguante
 .rodata.AHBPrescTable
                0x0800d5e8       0x10 ./Src/system_stm32l4xx.o
                0x0800d5e8                AHBPrescTable
 .rodata.APBPrescTable
                0x0800d5f8        0x8 ./Src/system_stm32l4xx.o
                0x0800d5f8                APBPrescTable
 .rodata.MSIRangeTable
                0x0800d600       0x30 ./Src/system_stm32l4xx.o
                0x0800d600                MSIRangeTable
 .rodata._printf_float.str1.1
                0x0800d630       0x12 c:/program files (x86)/gnu tools arm embedded/9 2019-q4-major/bin/../lib/gcc/arm-none-eabi/9.2.1/../../../../arm-none-eabi/lib/thumb/v7e-m/nofp\libg_nano.a(lib_a-nano-vfprintf_float.o)
 .rodata._printf_i.str1.1
                0x0800d642       0x22 c:/program files (x86)/gnu tools arm embedded/9 2019-q4-major/bin/../lib/gcc/arm-none-eabi/9.2.1/../../../../arm-none-eabi/lib/thumb/v7e-m/nofp\libg_nano.a(lib_a-nano-vfprintf_i.o)
 .rodata._scanf_float.str1.1
                0x0800d664        0x5 c:/program files (x86)/gnu tools arm embedded/9 2019-q4-major/bin/../lib/gcc/arm-none-eabi/9.2.1/../../../../arm-none-eabi/lib/thumb/v7e-m/nofp\libg_nano.a(lib_a-nano-vfscanf_float.o)
                                  0x6 (size before relaxing)
 .rodata._strtod_l.str1.1
                0x0800d669        0x5 c:/program files (x86)/gnu tools arm embedded/9 2019-q4-major/bin/../lib/gcc/arm-none-eabi/9.2.1/../../../../arm-none-eabi/lib/thumb/v7e-m/nofp\libg_nano.a(lib_a-strtod.o)
                                  0xd (size before relaxing)
 *fill*         0x0800d669        0x3 
 .rodata.fpi.6203
                0x0800d66c       0x14 c:/program files (x86)/gnu tools arm embedded/9 2019-q4-major/bin/../lib/gcc/arm-none-eabi/9.2.1/../../../../arm-none-eabi/lib/thumb/v7e-m/nofp\libg_nano.a(lib_a-strtod.o)
 .rodata.fpinan.6239
                0x0800d680       0x14 c:/program files (x86)/gnu tools arm embedded/9 2019-q4-major/bin/../lib/gcc/arm-none-eabi/9.2.1/../../../../arm-none-eabi/lib/thumb/v7e-m/nofp\libg_nano.a(lib_a-strtod.o)
 *fill*         0x0800d694        0x4 
 .rodata.tinytens
                0x0800d698       0x28 c:/program files (x86)/gnu tools arm embedded/9 2019-q4-major/bin/../lib/gcc/arm-none-eabi/9.2.1/../../../../arm-none-eabi/lib/thumb/v7e-m/nofp\libg_nano.a(lib_a-strtod.o)
 .rodata._ctype_
                0x0800d6c0      0x101 c:/program files (x86)/gnu tools arm embedded/9 2019-q4-major/bin/../lib/gcc/arm-none-eabi/9.2.1/../../../../arm-none-eabi/lib/thumb/v7e-m/nofp\libg_nano.a(lib_a-ctype_.o)
                0x0800d6c0                _ctype_
 .rodata._dtoa_r.str1.1
                0x0800d7c1        0xd c:/program files (x86)/gnu tools arm embedded/9 2019-q4-major/bin/../lib/gcc/arm-none-eabi/9.2.1/../../../../arm-none-eabi/lib/thumb/v7e-m/nofp\libg_nano.a(lib_a-dtoa.o)
                                  0xf (size before relaxing)
 .rodata.str1.1
                0x0800d7ce        0x2 c:/program files (x86)/gnu tools arm embedded/9 2019-q4-major/bin/../lib/gcc/arm-none-eabi/9.2.1/../../../../arm-none-eabi/lib/thumb/v7e-m/nofp\libg_nano.a(lib_a-lnumeric.o)
                                  0x3 (size before relaxing)
 .rodata._C_numeric_locale
                0x0800d7d0        0xc c:/program files (x86)/gnu tools arm embedded/9 2019-q4-major/bin/../lib/gcc/arm-none-eabi/9.2.1/../../../../arm-none-eabi/lib/thumb/v7e-m/nofp\libg_nano.a(lib_a-lnumeric.o)
                0x0800d7d0                _C_numeric_locale
 .rodata._setlocale_r.str1.1
                0x0800d7dc        0x8 c:/program files (x86)/gnu tools arm embedded/9 2019-q4-major/bin/../lib/gcc/arm-none-eabi/9.2.1/../../../../arm-none-eabi/lib/thumb/v7e-m/nofp\libg_nano.a(lib_a-locale.o)
                                  0x9 (size before relaxing)
 .rodata.str1.1
                0x0800d7e4        0x2 c:/program files (x86)/gnu tools arm embedded/9 2019-q4-major/bin/../lib/gcc/arm-none-eabi/9.2.1/../../../../arm-none-eabi/lib/thumb/v7e-m/nofp\libg_nano.a(lib_a-locale.o)
 *fill*         0x0800d7e4        0x4 
 .rodata.__mprec_bigtens
                0x0800d7e8       0x28 c:/program files (x86)/gnu tools arm embedded/9 2019-q4-major/bin/../lib/gcc/arm-none-eabi/9.2.1/../../../../arm-none-eabi/lib/thumb/v7e-m/nofp\libg_nano.a(lib_a-mprec.o)
                0x0800d7e8                __mprec_bigtens
 .rodata.__mprec_tens
                0x0800d810       0xc8 c:/program files (x86)/gnu tools arm embedded/9 2019-q4-major/bin/../lib/gcc/arm-none-eabi/9.2.1/../../../../arm-none-eabi/lib/thumb/v7e-m/nofp\libg_nano.a(lib_a-mprec.o)
                0x0800d810                __mprec_tens
 .rodata.p05.6127
                0x0800d8d8        0xc c:/program files (x86)/gnu tools arm embedded/9 2019-q4-major/bin/../lib/gcc/arm-none-eabi/9.2.1/../../../../arm-none-eabi/lib/thumb/v7e-m/nofp\libg_nano.a(lib_a-mprec.o)
 .rodata._svfprintf_r.str1.1
                0x0800d8e4       0x11 c:/program files (x86)/gnu tools arm embedded/9 2019-q4-major/bin/../lib/gcc/arm-none-eabi/9.2.1/../../../../arm-none-eabi/lib/thumb/v7e-m/nofp\libg_nano.a(lib_a-nano-svfprintf.o)
 *fill*         0x0800d8f5        0x3 
 .rodata.npio2_hw
                0x0800d8f8       0x80 c:/program files (x86)/gnu tools arm embedded/9 2019-q4-major/bin/../lib/gcc/arm-none-eabi/9.2.1/../../../../arm-none-eabi/lib/thumb/v7e-m/nofp\libm.a(lib_a-e_rem_pio2.o)
 .rodata.two_over_pi
                0x0800d978      0x108 c:/program files (x86)/gnu tools arm embedded/9 2019-q4-major/bin/../lib/gcc/arm-none-eabi/9.2.1/../../../../arm-none-eabi/lib/thumb/v7e-m/nofp\libm.a(lib_a-e_rem_pio2.o)
 .rodata.PIo2   0x0800da80       0x40 c:/program files (x86)/gnu tools arm embedded/9 2019-q4-major/bin/../lib/gcc/arm-none-eabi/9.2.1/../../../../arm-none-eabi/lib/thumb/v7e-m/nofp\libm.a(lib_a-k_rem_pio2.o)
 .rodata.init_jk
                0x0800dac0       0x10 c:/program files (x86)/gnu tools arm embedded/9 2019-q4-major/bin/../lib/gcc/arm-none-eabi/9.2.1/../../../../arm-none-eabi/lib/thumb/v7e-m/nofp\libm.a(lib_a-k_rem_pio2.o)
                0x0800dad0                . = ALIGN (0x8)

.ARM.extab      0x0800dad0        0x0
                0x0800dad0                . = ALIGN (0x8)
 *(.ARM.extab* .gnu.linkonce.armextab.*)
                0x0800dad0                . = ALIGN (0x8)

.ARM            0x0800dad0        0x8
                0x0800dad0                . = ALIGN (0x8)
                0x0800dad0                __exidx_start = .
 *(.ARM.exidx*)
 .ARM.exidx     0x0800dad0        0x8 c:/program files (x86)/gnu tools arm embedded/9 2019-q4-major/bin/../lib/gcc/arm-none-eabi/9.2.1/thumb/v7e-m/nofp\libgcc.a(_udivmoddi4.o)
                0x0800dad8                __exidx_end = .
                0x0800dad8                . = ALIGN (0x8)

.rel.dyn        0x0800dad8        0x0
 .rel.iplt      0x0800dad8        0x0 c:/program files (x86)/gnu tools arm embedded/9 2019-q4-major/bin/../lib/gcc/arm-none-eabi/9.2.1/thumb/v7e-m/nofp/crtbegin.o

.preinit_array  0x0800dad8        0x0
                0x0800dad8                . = ALIGN (0x8)
                0x0800dad8                PROVIDE (__preinit_array_start = .)
 *(.preinit_array*)
                0x0800dad8                PROVIDE (__preinit_array_end = .)
                0x0800dad8                . = ALIGN (0x8)

.init_array     0x0800dad8        0x8
                0x0800dad8                . = ALIGN (0x8)
                0x0800dad8                PROVIDE (__init_array_start = .)
 *(SORT_BY_NAME(.init_array.*))
 *(.init_array*)
 .init_array    0x0800dad8        0x4 c:/program files (x86)/gnu tools arm embedded/9 2019-q4-major/bin/../lib/gcc/arm-none-eabi/9.2.1/thumb/v7e-m/nofp/crtbegin.o
                0x0800dadc                PROVIDE (__init_array_end = .)
                0x0800dae0                . = ALIGN (0x8)
 *fill*         0x0800dadc        0x4 

.fini_array     0x0800dae0        0x8
                0x0800dae0                . = ALIGN (0x8)
                [!provide]                PROVIDE (__fini_array_start = .)
 *(SORT_BY_NAME(.fini_array.*))
 *(.fini_array*)
 .fini_array    0x0800dae0        0x4 c:/program files (x86)/gnu tools arm embedded/9 2019-q4-major/bin/../lib/gcc/arm-none-eabi/9.2.1/thumb/v7e-m/nofp/crtbegin.o
                [!provide]                PROVIDE (__fini_array_end = .)
                0x0800dae8                . = ALIGN (0x8)
 *fill*         0x0800dae4        0x4 
                0x0800dae8                _sidata = LOADADDR (.data)

.data           0x20000000      0x308 load address 0x0800dae8
                0x20000000                . = ALIGN (0x8)
                0x20000000                _sdata = .
 *(.data)
 *(.data*)
 .data.NTPREQUEST
                0x20000000       0x30 ./Src/main.o
                0x20000000                NTPREQUEST
 .data.AT_RESPONSE
                0x20000030        0xb ./Src/main.o
                0x20000030                AT_RESPONSE
 *fill*         0x2000003b        0x1 
 .data.ATE_RESPONSE
                0x2000003c        0xd ./Src/main.o
                0x2000003c                ATE_RESPONSE
 *fill*         0x20000049        0x3 
 .data.ATCWMODE_CUR_RESPONSE
                0x2000004c        0x6 ./Src/main.o
                0x2000004c                ATCWMODE_CUR_RESPONSE
 *fill*         0x20000052        0x2 
 .data.ATCWJAP_CUR_RESPONSE
                0x20000054       0x23 ./Src/main.o
                0x20000054                ATCWJAP_CUR_RESPONSE
 *fill*         0x20000077        0x1 
 .data.ATCWJAP1_CUR_RESPONSE
                0x20000078       0x34 ./Src/main.o
                0x20000078                ATCWJAP1_CUR_RESPONSE
 .data.ATCIPSTART_RESPONSE
                0x200000ac       0x11 ./Src/main.o
                0x200000ac                ATCIPSTART_RESPONSE
 *fill*         0x200000bd        0x3 
 .data.ATCIPSEND_RESPONSE
                0x200000c0        0x8 ./Src/main.o
                0x200000c0                ATCIPSEND_RESPONSE
 .data.ERRO_6   0x200000c8       0x56 ./Src/main.o
                0x200000c8                ERRO_6
 *fill*         0x2000011e        0x2 
 .data.ERRO_0   0x20000120        0xb ./Src/main.o
                0x20000120                ERRO_0
 *fill*         0x2000012b        0x1 
 .data.seculo   0x2000012c        0x4 ./Src/main.o
                0x2000012c                seculo
 .data.SystemCoreClock
                0x20000130        0x4 ./Src/system_stm32l4xx.o
                0x20000130                SystemCoreClock
 .data._impure_ptr
                0x20000134        0x4 c:/program files (x86)/gnu tools arm embedded/9 2019-q4-major/bin/../lib/gcc/arm-none-eabi/9.2.1/../../../../arm-none-eabi/lib/thumb/v7e-m/nofp\libg_nano.a(lib_a-impure.o)
                0x20000134                _impure_ptr
 .data.impure_data
                0x20000138       0x60 c:/program files (x86)/gnu tools arm embedded/9 2019-q4-major/bin/../lib/gcc/arm-none-eabi/9.2.1/../../../../arm-none-eabi/lib/thumb/v7e-m/nofp\libg_nano.a(lib_a-impure.o)
 .data.numempty
                0x20000198        0x2 c:/program files (x86)/gnu tools arm embedded/9 2019-q4-major/bin/../lib/gcc/arm-none-eabi/9.2.1/../../../../arm-none-eabi/lib/thumb/v7e-m/nofp\libg_nano.a(lib_a-lnumeric.o)
 *fill*         0x2000019a        0x2 
 .data.__global_locale
                0x2000019c      0x16c c:/program files (x86)/gnu tools arm embedded/9 2019-q4-major/bin/../lib/gcc/arm-none-eabi/9.2.1/../../../../arm-none-eabi/lib/thumb/v7e-m/nofp\libg_nano.a(lib_a-locale.o)
                0x2000019c                __global_locale
                0x20000308                . = ALIGN (0x8)
                0x20000308                _edata = .

.igot.plt       0x20000308        0x0 load address 0x0800ddf0
 .igot.plt      0x20000308        0x0 c:/program files (x86)/gnu tools arm embedded/9 2019-q4-major/bin/../lib/gcc/arm-none-eabi/9.2.1/thumb/v7e-m/nofp/crtbegin.o
                0x20000308                . = ALIGN (0x4)

.bss            0x20000308      0x2dc load address 0x0800ddf0
                0x20000308                _sbss = .
                0x20000308                __bss_start__ = _sbss
 *(.bss)
 .bss           0x20000308       0x1c c:/program files (x86)/gnu tools arm embedded/9 2019-q4-major/bin/../lib/gcc/arm-none-eabi/9.2.1/thumb/v7e-m/nofp/crtbegin.o
 *(.bss*)
 .bss.interrupcao
                0x20000324        0x1 ./Src/main.o
                0x20000324                interrupcao
 .bss.estados   0x20000325        0x1 ./Src/main.o
                0x20000325                estados
 .bss.flag0     0x20000326        0x1 ./Src/main.o
                0x20000326                flag0
 .bss.flag1     0x20000327        0x1 ./Src/main.o
                0x20000327                flag1
 .bss.flag2     0x20000328        0x1 ./Src/main.o
                0x20000328                flag2
 .bss.flag3     0x20000329        0x1 ./Src/main.o
                0x20000329                flag3
 .bss.flag4     0x2000032a        0x1 ./Src/main.o
                0x2000032a                flag4
 .bss.flag5     0x2000032b        0x1 ./Src/main.o
                0x2000032b                flag5
 .bss.flag6     0x2000032c        0x1 ./Src/main.o
                0x2000032c                flag6
 .bss.flag7     0x2000032d        0x1 ./Src/main.o
                0x2000032d                flag7
 .bss.minutos   0x2000032e        0x1 ./Src/main.o
 *fill*         0x2000032f        0x1 
 .bss.w         0x20000330        0x4 ./Src/main.o
                0x20000330                w
 .bss.anos4digitos
                0x20000334        0x4 ./Src/main.o
 .bss.__malloc_free_list
                0x20000338        0x4 c:/program files (x86)/gnu tools arm embedded/9 2019-q4-major/bin/../lib/gcc/arm-none-eabi/9.2.1/../../../../arm-none-eabi/lib/thumb/v7e-m/nofp\libg_nano.a(lib_a-nano-mallocr.o)
                0x20000338                __malloc_free_list
 .bss.__malloc_sbrk_start
                0x2000033c        0x4 c:/program files (x86)/gnu tools arm embedded/9 2019-q4-major/bin/../lib/gcc/arm-none-eabi/9.2.1/../../../../arm-none-eabi/lib/thumb/v7e-m/nofp\libg_nano.a(lib_a-nano-mallocr.o)
                0x2000033c                __malloc_sbrk_start
 .bss.heap_end.4144
                0x20000340        0x4 c:/program files (x86)/gnu tools arm embedded/9 2019-q4-major/bin/../lib/gcc/arm-none-eabi/9.2.1/../../../../arm-none-eabi/lib/thumb/v7e-m/nofp\libnosys.a(sbrk.o)
 *(COMMON)
 COMMON         0x20000344       0x60 ./Src/I2C_lcd16x2.o
                0x20000344                displaycontrol
                0x20000348                hi2c1
                0x20000394                copia_vetor_de_caracteres
 COMMON         0x200003a4      0x22b ./Src/main.o
                0x200003a4                horas
                0x200003a8                resposta2
                0x200003b0                hdma_usart2_rx
                0x200003f8                dia
                0x200003fc                respostaclose
                0x2000040c                resposta3
                0x20000430                resposta1
                0x20000440                resposta4
                0x20000454                ghorario
                0x20000468                resposta31
                0x2000049c                segundos
                0x200004a0                semana
                0x200004a4                segundos_brasil
                0x200004a8                meses
                0x200004ac                hrtc
                0x200004d0                data
                0x200004d8                seculo2
                0x200004dc                resposta0
                0x200004e8                resposta5
                0x200004f0                anos
                0x200004f1                dia_da_semana
                0x200004f4                gdata
                0x200004f8                huart2
                0x20000570                horario
                0x20000578                resposta6
                0x200005ce                fase_lua
 *fill*         0x200005cf        0x1 
 COMMON         0x200005d0        0x4 ./Drivers/STM32L4xx_HAL_Driver/Src/stm32l4xx_hal.o
                0x200005d0                uwTick
 COMMON         0x200005d4        0x4 c:/program files (x86)/gnu tools arm embedded/9 2019-q4-major/bin/../lib/gcc/arm-none-eabi/9.2.1/../../../../arm-none-eabi/lib/thumb/v7e-m/nofp\libg_nano.a(lib_a-reent.o)
                0x200005d4                errno
 COMMON         0x200005d8        0x9 c:/program files (x86)/gnu tools arm embedded/9 2019-q4-major/bin/../lib/gcc/arm-none-eabi/9.2.1/../../../../arm-none-eabi/lib/thumb/v7e-m/nofp\libg_nano.a(lib_a-lock.o)
                0x200005d8                __lock___atexit_recursive_mutex
                0x200005d9                __lock___arc4random_mutex
                0x200005da                __lock___env_recursive_mutex
                0x200005db                __lock___sinit_recursive_mutex
                0x200005dc                __lock___malloc_recursive_mutex
                0x200005dd                __lock___at_quick_exit_mutex
                0x200005de                __lock___dd_hash_mutex
                0x200005df                __lock___tz_mutex
                0x200005e0                __lock___sfp_recursive_mutex
                0x200005e4                . = ALIGN (0x4)
 *fill*         0x200005e1        0x3 
                0x200005e4                _ebss = .
                0x200005e4                __bss_end__ = _ebss

._user_heap_stack
                0x200005e4      0x604 load address 0x0800ddf0
                0x200005e8                . = ALIGN (0x8)
 *fill*         0x200005e4        0x4 
                0x200005e8                PROVIDE (end = .)
                [!provide]                PROVIDE (_end = .)
                0x200007e8                . = (. + _Min_Heap_Size)
 *fill*         0x200005e8      0x200 
                0x20000be8                . = (. + _Min_Stack_Size)
 *fill*         0x200007e8      0x400 
                0x20000be8                . = ALIGN (0x8)

/DISCARD/
 libc.a(*)
 libm.a(*)
 libgcc.a(*)

.ARM.attributes
                0x00000000       0x2a
 *(.ARM.attributes)
 .ARM.attributes
                0x00000000       0x1e c:/program files (x86)/gnu tools arm embedded/9 2019-q4-major/bin/../lib/gcc/arm-none-eabi/9.2.1/thumb/v7e-m/nofp/crti.o
 .ARM.attributes
                0x0000001e       0x2e c:/program files (x86)/gnu tools arm embedded/9 2019-q4-major/bin/../lib/gcc/arm-none-eabi/9.2.1/thumb/v7e-m/nofp/crtbegin.o
 .ARM.attributes
                0x0000004c       0x21 ./startup/startup_stm32l432xx.o
 .ARM.attributes
                0x0000006d       0x2e ./Src/I2C_lcd16x2.o
 .ARM.attributes
                0x0000009b       0x2e ./Src/main.o
 .ARM.attributes
                0x000000c9       0x2e ./Src/stm32l4xx_hal_msp.o
 .ARM.attributes
                0x000000f7       0x2e ./Src/stm32l4xx_it.o
 .ARM.attributes
                0x00000125       0x2e ./Src/system_stm32l4xx.o
 .ARM.attributes
                0x00000153       0x2e ./Drivers/STM32L4xx_HAL_Driver/Src/stm32l4xx_hal.o
 .ARM.attributes
                0x00000181       0x2e ./Drivers/STM32L4xx_HAL_Driver/Src/stm32l4xx_hal_cortex.o
 .ARM.attributes
                0x000001af       0x2e ./Drivers/STM32L4xx_HAL_Driver/Src/stm32l4xx_hal_dma.o
 .ARM.attributes
                0x000001dd       0x2e ./Drivers/STM32L4xx_HAL_Driver/Src/stm32l4xx_hal_gpio.o
 .ARM.attributes
                0x0000020b       0x2e ./Drivers/STM32L4xx_HAL_Driver/Src/stm32l4xx_hal_i2c.o
 .ARM.attributes
                0x00000239       0x2e ./Drivers/STM32L4xx_HAL_Driver/Src/stm32l4xx_hal_i2c_ex.o
 .ARM.attributes
                0x00000267       0x2e ./Drivers/STM32L4xx_HAL_Driver/Src/stm32l4xx_hal_pwr_ex.o
 .ARM.attributes
                0x00000295       0x2e ./Drivers/STM32L4xx_HAL_Driver/Src/stm32l4xx_hal_rcc.o
 .ARM.attributes
                0x000002c3       0x2e ./Drivers/STM32L4xx_HAL_Driver/Src/stm32l4xx_hal_rcc_ex.o
 .ARM.attributes
                0x000002f1       0x2e ./Drivers/STM32L4xx_HAL_Driver/Src/stm32l4xx_hal_rtc.o
 .ARM.attributes
                0x0000031f       0x2e ./Drivers/STM32L4xx_HAL_Driver/Src/stm32l4xx_hal_uart.o
 .ARM.attributes
                0x0000034d       0x1e c:/program files (x86)/gnu tools arm embedded/9 2019-q4-major/bin/../lib/gcc/arm-none-eabi/9.2.1/thumb/v7e-m/nofp\libgcc.a(_arm_addsubdf3.o)
 .ARM.attributes
                0x0000036b       0x1e c:/program files (x86)/gnu tools arm embedded/9 2019-q4-major/bin/../lib/gcc/arm-none-eabi/9.2.1/thumb/v7e-m/nofp\libgcc.a(_arm_muldivdf3.o)
 .ARM.attributes
                0x00000389       0x1e c:/program files (x86)/gnu tools arm embedded/9 2019-q4-major/bin/../lib/gcc/arm-none-eabi/9.2.1/thumb/v7e-m/nofp\libgcc.a(_arm_cmpdf2.o)
 .ARM.attributes
                0x000003a7       0x1e c:/program files (x86)/gnu tools arm embedded/9 2019-q4-major/bin/../lib/gcc/arm-none-eabi/9.2.1/thumb/v7e-m/nofp\libgcc.a(_arm_fixunsdfsi.o)
 .ARM.attributes
                0x000003c5       0x1e c:/program files (x86)/gnu tools arm embedded/9 2019-q4-major/bin/../lib/gcc/arm-none-eabi/9.2.1/thumb/v7e-m/nofp\libgcc.a(_aeabi_uldivmod.o)
 .ARM.attributes
                0x000003e3       0x2e c:/program files (x86)/gnu tools arm embedded/9 2019-q4-major/bin/../lib/gcc/arm-none-eabi/9.2.1/thumb/v7e-m/nofp\libgcc.a(_udivmoddi4.o)
 .ARM.attributes
                0x00000411       0x1e c:/program files (x86)/gnu tools arm embedded/9 2019-q4-major/bin/../lib/gcc/arm-none-eabi/9.2.1/thumb/v7e-m/nofp\libgcc.a(_dvmd_tls.o)
 .ARM.attributes
                0x0000042f       0x2e c:/program files (x86)/gnu tools arm embedded/9 2019-q4-major/bin/../lib/gcc/arm-none-eabi/9.2.1/../../../../arm-none-eabi/lib/thumb/v7e-m/nofp\libg_nano.a(lib_a-impure.o)
 .ARM.attributes
                0x0000045d       0x2e c:/program files (x86)/gnu tools arm embedded/9 2019-q4-major/bin/../lib/gcc/arm-none-eabi/9.2.1/../../../../arm-none-eabi/lib/thumb/v7e-m/nofp\libg_nano.a(lib_a-init.o)
 .ARM.attributes
                0x0000048b       0x2e c:/program files (x86)/gnu tools arm embedded/9 2019-q4-major/bin/../lib/gcc/arm-none-eabi/9.2.1/../../../../arm-none-eabi/lib/thumb/v7e-m/nofp\libg_nano.a(lib_a-memset.o)
 .ARM.attributes
                0x000004b9       0x2e c:/program files (x86)/gnu tools arm embedded/9 2019-q4-major/bin/../lib/gcc/arm-none-eabi/9.2.1/../../../../arm-none-eabi/lib/thumb/v7e-m/nofp\libg_nano.a(lib_a-nano-vfprintf_float.o)
 .ARM.attributes
                0x000004e7       0x2e c:/program files (x86)/gnu tools arm embedded/9 2019-q4-major/bin/../lib/gcc/arm-none-eabi/9.2.1/../../../../arm-none-eabi/lib/thumb/v7e-m/nofp\libg_nano.a(lib_a-nano-vfprintf_i.o)
 .ARM.attributes
                0x00000515       0x2e c:/program files (x86)/gnu tools arm embedded/9 2019-q4-major/bin/../lib/gcc/arm-none-eabi/9.2.1/../../../../arm-none-eabi/lib/thumb/v7e-m/nofp\libg_nano.a(lib_a-nano-vfscanf_float.o)
 .ARM.attributes
                0x00000543       0x2e c:/program files (x86)/gnu tools arm embedded/9 2019-q4-major/bin/../lib/gcc/arm-none-eabi/9.2.1/../../../../arm-none-eabi/lib/thumb/v7e-m/nofp\libg_nano.a(lib_a-sf_nan.o)
 .ARM.attributes
                0x00000571       0x2e c:/program files (x86)/gnu tools arm embedded/9 2019-q4-major/bin/../lib/gcc/arm-none-eabi/9.2.1/../../../../arm-none-eabi/lib/thumb/v7e-m/nofp\libg_nano.a(lib_a-sprintf.o)
 .ARM.attributes
                0x0000059f       0x1c c:/program files (x86)/gnu tools arm embedded/9 2019-q4-major/bin/../lib/gcc/arm-none-eabi/9.2.1/../../../../arm-none-eabi/lib/thumb/v7e-m/nofp\libg_nano.a(lib_a-strcmp.o)
 .ARM.attributes
                0x000005bb       0x17 c:/program files (x86)/gnu tools arm embedded/9 2019-q4-major/bin/../lib/gcc/arm-none-eabi/9.2.1/../../../../arm-none-eabi/lib/thumb/v7e-m/nofp\libg_nano.a(lib_a-strlen.o)
 .ARM.attributes
                0x000005d2       0x2e c:/program files (x86)/gnu tools arm embedded/9 2019-q4-major/bin/../lib/gcc/arm-none-eabi/9.2.1/../../../../arm-none-eabi/lib/thumb/v7e-m/nofp\libg_nano.a(lib_a-strncmp.o)
 .ARM.attributes
                0x00000600       0x2e c:/program files (x86)/gnu tools arm embedded/9 2019-q4-major/bin/../lib/gcc/arm-none-eabi/9.2.1/../../../../arm-none-eabi/lib/thumb/v7e-m/nofp\libg_nano.a(lib_a-strtod.o)
 .ARM.attributes
                0x0000062e       0x2e c:/program files (x86)/gnu tools arm embedded/9 2019-q4-major/bin/../lib/gcc/arm-none-eabi/9.2.1/../../../../arm-none-eabi/lib/thumb/v7e-m/nofp\libg_nano.a(lib_a-strtol.o)
 .ARM.attributes
                0x0000065c       0x2e c:/program files (x86)/gnu tools arm embedded/9 2019-q4-major/bin/../lib/gcc/arm-none-eabi/9.2.1/../../../../arm-none-eabi/lib/thumb/v7e-m/nofp\libg_nano.a(lib_a-ctype_.o)
 .ARM.attributes
                0x0000068a       0x2e c:/program files (x86)/gnu tools arm embedded/9 2019-q4-major/bin/../lib/gcc/arm-none-eabi/9.2.1/../../../../arm-none-eabi/lib/thumb/v7e-m/nofp\libg_nano.a(lib_a-dtoa.o)
 .ARM.attributes
                0x000006b8       0x2e c:/program files (x86)/gnu tools arm embedded/9 2019-q4-major/bin/../lib/gcc/arm-none-eabi/9.2.1/../../../../arm-none-eabi/lib/thumb/v7e-m/nofp\libg_nano.a(lib_a-gdtoa-gethex.o)
 .ARM.attributes
                0x000006e6       0x2e c:/program files (x86)/gnu tools arm embedded/9 2019-q4-major/bin/../lib/gcc/arm-none-eabi/9.2.1/../../../../arm-none-eabi/lib/thumb/v7e-m/nofp\libg_nano.a(lib_a-gdtoa-hexnan.o)
 .ARM.attributes
                0x00000714       0x2e c:/program files (x86)/gnu tools arm embedded/9 2019-q4-major/bin/../lib/gcc/arm-none-eabi/9.2.1/../../../../arm-none-eabi/lib/thumb/v7e-m/nofp\libg_nano.a(lib_a-lnumeric.o)
 .ARM.attributes
                0x00000742       0x2e c:/program files (x86)/gnu tools arm embedded/9 2019-q4-major/bin/../lib/gcc/arm-none-eabi/9.2.1/../../../../arm-none-eabi/lib/thumb/v7e-m/nofp\libg_nano.a(lib_a-locale.o)
 .ARM.attributes
                0x00000770       0x2e c:/program files (x86)/gnu tools arm embedded/9 2019-q4-major/bin/../lib/gcc/arm-none-eabi/9.2.1/../../../../arm-none-eabi/lib/thumb/v7e-m/nofp\libg_nano.a(lib_a-localeconv.o)
 .ARM.attributes
                0x0000079e       0x2e c:/program files (x86)/gnu tools arm embedded/9 2019-q4-major/bin/../lib/gcc/arm-none-eabi/9.2.1/../../../../arm-none-eabi/lib/thumb/v7e-m/nofp\libg_nano.a(lib_a-malloc.o)
 .ARM.attributes
                0x000007cc       0x2e c:/program files (x86)/gnu tools arm embedded/9 2019-q4-major/bin/../lib/gcc/arm-none-eabi/9.2.1/../../../../arm-none-eabi/lib/thumb/v7e-m/nofp\libg_nano.a(lib_a-mbtowc_r.o)
 .ARM.attributes
                0x000007fa       0x1c c:/program files (x86)/gnu tools arm embedded/9 2019-q4-major/bin/../lib/gcc/arm-none-eabi/9.2.1/../../../../arm-none-eabi/lib/thumb/v7e-m/nofp\libg_nano.a(lib_a-memchr.o)
 .ARM.attributes
                0x00000816       0x2e c:/program files (x86)/gnu tools arm embedded/9 2019-q4-major/bin/../lib/gcc/arm-none-eabi/9.2.1/../../../../arm-none-eabi/lib/thumb/v7e-m/nofp\libg_nano.a(lib_a-memcpy-stub.o)
 .ARM.attributes
                0x00000844       0x2e c:/program files (x86)/gnu tools arm embedded/9 2019-q4-major/bin/../lib/gcc/arm-none-eabi/9.2.1/../../../../arm-none-eabi/lib/thumb/v7e-m/nofp\libg_nano.a(lib_a-mprec.o)
 .ARM.attributes
                0x00000872       0x2e c:/program files (x86)/gnu tools arm embedded/9 2019-q4-major/bin/../lib/gcc/arm-none-eabi/9.2.1/../../../../arm-none-eabi/lib/thumb/v7e-m/nofp\libg_nano.a(lib_a-nano-callocr.o)
 .ARM.attributes
                0x000008a0       0x2e c:/program files (x86)/gnu tools arm embedded/9 2019-q4-major/bin/../lib/gcc/arm-none-eabi/9.2.1/../../../../arm-none-eabi/lib/thumb/v7e-m/nofp\libg_nano.a(lib_a-nano-freer.o)
 .ARM.attributes
                0x000008ce       0x2e c:/program files (x86)/gnu tools arm embedded/9 2019-q4-major/bin/../lib/gcc/arm-none-eabi/9.2.1/../../../../arm-none-eabi/lib/thumb/v7e-m/nofp\libg_nano.a(lib_a-nano-mallocr.o)
 .ARM.attributes
                0x000008fc       0x2e c:/program files (x86)/gnu tools arm embedded/9 2019-q4-major/bin/../lib/gcc/arm-none-eabi/9.2.1/../../../../arm-none-eabi/lib/thumb/v7e-m/nofp\libg_nano.a(lib_a-nano-svfprintf.o)
 .ARM.attributes
                0x0000092a       0x2e c:/program files (x86)/gnu tools arm embedded/9 2019-q4-major/bin/../lib/gcc/arm-none-eabi/9.2.1/../../../../arm-none-eabi/lib/thumb/v7e-m/nofp\libg_nano.a(lib_a-s_nan.o)
 .ARM.attributes
                0x00000958       0x2e c:/program files (x86)/gnu tools arm embedded/9 2019-q4-major/bin/../lib/gcc/arm-none-eabi/9.2.1/../../../../arm-none-eabi/lib/thumb/v7e-m/nofp\libg_nano.a(lib_a-sbrkr.o)
 .ARM.attributes
                0x00000986       0x2e c:/program files (x86)/gnu tools arm embedded/9 2019-q4-major/bin/../lib/gcc/arm-none-eabi/9.2.1/../../../../arm-none-eabi/lib/thumb/v7e-m/nofp\libg_nano.a(lib_a-wctomb_r.o)
 .ARM.attributes
                0x000009b4       0x2e c:/program files (x86)/gnu tools arm embedded/9 2019-q4-major/bin/../lib/gcc/arm-none-eabi/9.2.1/../../../../arm-none-eabi/lib/thumb/v7e-m/nofp\libg_nano.a(lib_a-memmove.o)
 .ARM.attributes
                0x000009e2       0x2e c:/program files (x86)/gnu tools arm embedded/9 2019-q4-major/bin/../lib/gcc/arm-none-eabi/9.2.1/../../../../arm-none-eabi/lib/thumb/v7e-m/nofp\libg_nano.a(lib_a-mlock.o)
 .ARM.attributes
                0x00000a10       0x2e c:/program files (x86)/gnu tools arm embedded/9 2019-q4-major/bin/../lib/gcc/arm-none-eabi/9.2.1/../../../../arm-none-eabi/lib/thumb/v7e-m/nofp\libg_nano.a(lib_a-nano-reallocr.o)
 .ARM.attributes
                0x00000a3e       0x2e c:/program files (x86)/gnu tools arm embedded/9 2019-q4-major/bin/../lib/gcc/arm-none-eabi/9.2.1/../../../../arm-none-eabi/lib/thumb/v7e-m/nofp\libg_nano.a(lib_a-reent.o)
 .ARM.attributes
                0x00000a6c       0x2e c:/program files (x86)/gnu tools arm embedded/9 2019-q4-major/bin/../lib/gcc/arm-none-eabi/9.2.1/../../../../arm-none-eabi/lib/thumb/v7e-m/nofp\libg_nano.a(lib_a-lock.o)
 .ARM.attributes
                0x00000a9a       0x2e c:/program files (x86)/gnu tools arm embedded/9 2019-q4-major/bin/../lib/gcc/arm-none-eabi/9.2.1/../../../../arm-none-eabi/lib/thumb/v7e-m/nofp\libg_nano.a(lib_a-nano-msizer.o)
 .ARM.attributes
                0x00000ac8       0x1e c:/program files (x86)/gnu tools arm embedded/9 2019-q4-major/bin/../lib/gcc/arm-none-eabi/9.2.1/thumb/v7e-m/nofp\libgcc.a(_arm_unorddf2.o)
 .ARM.attributes
                0x00000ae6       0x1e c:/program files (x86)/gnu tools arm embedded/9 2019-q4-major/bin/../lib/gcc/arm-none-eabi/9.2.1/thumb/v7e-m/nofp\libgcc.a(_arm_fixdfsi.o)
 .ARM.attributes
                0x00000b04       0x1e c:/program files (x86)/gnu tools arm embedded/9 2019-q4-major/bin/../lib/gcc/arm-none-eabi/9.2.1/thumb/v7e-m/nofp\libgcc.a(_arm_truncdfsf2.o)
 .ARM.attributes
                0x00000b22       0x2e c:/program files (x86)/gnu tools arm embedded/9 2019-q4-major/bin/../lib/gcc/arm-none-eabi/9.2.1/thumb/v7e-m/nofp\libgcc.a(_fixdfdi.o)
 .ARM.attributes
                0x00000b50       0x2e c:/program files (x86)/gnu tools arm embedded/9 2019-q4-major/bin/../lib/gcc/arm-none-eabi/9.2.1/thumb/v7e-m/nofp\libgcc.a(_fixunsdfdi.o)
 .ARM.attributes
                0x00000b7e       0x2e c:/program files (x86)/gnu tools arm embedded/9 2019-q4-major/bin/../lib/gcc/arm-none-eabi/9.2.1/../../../../arm-none-eabi/lib/thumb/v7e-m/nofp\libnosys.a(sbrk.o)
 .ARM.attributes
                0x00000bac       0x1e c:/program files (x86)/gnu tools arm embedded/9 2019-q4-major/bin/../lib/gcc/arm-none-eabi/9.2.1/thumb/v7e-m/nofp/crtn.o
OUTPUT(Clock_esp8266_i2c_lcd16x2.elf elf32-littlearm)

.debug_line     0x00000000     0xfe73
 .debug_line    0x00000000       0x7f ./startup/startup_stm32l432xx.o
 .debug_line    0x0000007f     0x107e ./Src/I2C_lcd16x2.o
 .debug_line    0x000010fd     0x1953 ./Src/main.o
 .debug_line    0x00002a50      0x78f ./Src/stm32l4xx_hal_msp.o
 .debug_line    0x000031df      0x76a ./Src/stm32l4xx_it.o
 .debug_line    0x00003949      0x765 ./Src/system_stm32l4xx.o
 .debug_line    0x000040ae      0x980 ./Drivers/STM32L4xx_HAL_Driver/Src/stm32l4xx_hal.o
 .debug_line    0x00004a2e      0xc18 ./Drivers/STM32L4xx_HAL_Driver/Src/stm32l4xx_hal_cortex.o
 .debug_line    0x00005646      0xc6e ./Drivers/STM32L4xx_HAL_Driver/Src/stm32l4xx_hal_dma.o
 .debug_line    0x000062b4      0xa7f ./Drivers/STM32L4xx_HAL_Driver/Src/stm32l4xx_hal_gpio.o
 .debug_line    0x00006d33     0x312f ./Drivers/STM32L4xx_HAL_Driver/Src/stm32l4xx_hal_i2c.o
 .debug_line    0x00009e62      0x8c2 ./Drivers/STM32L4xx_HAL_Driver/Src/stm32l4xx_hal_i2c_ex.o
 .debug_line    0x0000a724      0xb51 ./Drivers/STM32L4xx_HAL_Driver/Src/stm32l4xx_hal_pwr_ex.o
 .debug_line    0x0000b275      0xe7e ./Drivers/STM32L4xx_HAL_Driver/Src/stm32l4xx_hal_rcc.o
 .debug_line    0x0000c0f3     0x1230 ./Drivers/STM32L4xx_HAL_Driver/Src/stm32l4xx_hal_rcc_ex.o
 .debug_line    0x0000d323     0x10b8 ./Drivers/STM32L4xx_HAL_Driver/Src/stm32l4xx_hal_rtc.o
 .debug_line    0x0000e3db     0x1a98 ./Drivers/STM32L4xx_HAL_Driver/Src/stm32l4xx_hal_uart.o

.debug_info     0x00000000    0x10423
 .debug_info    0x00000000       0x22 ./startup/startup_stm32l432xx.o
 .debug_info    0x00000022     0x18dd ./Src/I2C_lcd16x2.o
 .debug_info    0x000018ff     0x2bf0 ./Src/main.o
 .debug_info    0x000044ef     0x14c0 ./Src/stm32l4xx_hal_msp.o
 .debug_info    0x000059af      0x458 ./Src/stm32l4xx_it.o
 .debug_info    0x00005e07      0x62d ./Src/system_stm32l4xx.o
 .debug_info    0x00006434      0x953 ./Drivers/STM32L4xx_HAL_Driver/Src/stm32l4xx_hal.o
 .debug_info    0x00006d87      0xe36 ./Drivers/STM32L4xx_HAL_Driver/Src/stm32l4xx_hal_cortex.o
 .debug_info    0x00007bbd      0x825 ./Drivers/STM32L4xx_HAL_Driver/Src/stm32l4xx_hal_dma.o
 .debug_info    0x000083e2      0x8da ./Drivers/STM32L4xx_HAL_Driver/Src/stm32l4xx_hal_gpio.o
 .debug_info    0x00008cbc     0x20f7 ./Drivers/STM32L4xx_HAL_Driver/Src/stm32l4xx_hal_i2c.o
 .debug_info    0x0000adb3      0xae9 ./Drivers/STM32L4xx_HAL_Driver/Src/stm32l4xx_hal_i2c_ex.o
 .debug_info    0x0000b89c      0xaa1 ./Drivers/STM32L4xx_HAL_Driver/Src/stm32l4xx_hal_pwr_ex.o
 .debug_info    0x0000c33d      0xc40 ./Drivers/STM32L4xx_HAL_Driver/Src/stm32l4xx_hal_rcc.o
 .debug_info    0x0000cf7d      0xf93 ./Drivers/STM32L4xx_HAL_Driver/Src/stm32l4xx_hal_rcc_ex.o
 .debug_info    0x0000df10      0xd8e ./Drivers/STM32L4xx_HAL_Driver/Src/stm32l4xx_hal_rtc.o
 .debug_info    0x0000ec9e     0x1785 ./Drivers/STM32L4xx_HAL_Driver/Src/stm32l4xx_hal_uart.o

.debug_abbrev   0x00000000     0x238b
 .debug_abbrev  0x00000000       0x12 ./startup/startup_stm32l432xx.o
 .debug_abbrev  0x00000012      0x355 ./Src/I2C_lcd16x2.o
 .debug_abbrev  0x00000367      0x371 ./Src/main.o
 .debug_abbrev  0x000006d8      0x1dc ./Src/stm32l4xx_hal_msp.o
 .debug_abbrev  0x000008b4      0x163 ./Src/stm32l4xx_it.o
 .debug_abbrev  0x00000a17      0x14e ./Src/system_stm32l4xx.o
 .debug_abbrev  0x00000b65      0x1eb ./Drivers/STM32L4xx_HAL_Driver/Src/stm32l4xx_hal.o
 .debug_abbrev  0x00000d50      0x301 ./Drivers/STM32L4xx_HAL_Driver/Src/stm32l4xx_hal_cortex.o
 .debug_abbrev  0x00001051      0x201 ./Drivers/STM32L4xx_HAL_Driver/Src/stm32l4xx_hal_dma.o
 .debug_abbrev  0x00001252      0x1e8 ./Drivers/STM32L4xx_HAL_Driver/Src/stm32l4xx_hal_gpio.o
 .debug_abbrev  0x0000143a      0x256 ./Drivers/STM32L4xx_HAL_Driver/Src/stm32l4xx_hal_i2c.o
 .debug_abbrev  0x00001690      0x1dd ./Drivers/STM32L4xx_HAL_Driver/Src/stm32l4xx_hal_i2c_ex.o
 .debug_abbrev  0x0000186d      0x215 ./Drivers/STM32L4xx_HAL_Driver/Src/stm32l4xx_hal_pwr_ex.o
 .debug_abbrev  0x00001a82      0x275 ./Drivers/STM32L4xx_HAL_Driver/Src/stm32l4xx_hal_rcc.o
 .debug_abbrev  0x00001cf7      0x268 ./Drivers/STM32L4xx_HAL_Driver/Src/stm32l4xx_hal_rcc_ex.o
 .debug_abbrev  0x00001f5f      0x1fd ./Drivers/STM32L4xx_HAL_Driver/Src/stm32l4xx_hal_rtc.o
 .debug_abbrev  0x0000215c      0x22f ./Drivers/STM32L4xx_HAL_Driver/Src/stm32l4xx_hal_uart.o

.debug_aranges  0x00000000      0xd58
 .debug_aranges
                0x00000000       0x28 ./startup/startup_stm32l432xx.o
 .debug_aranges
                0x00000028       0xa0 ./Src/I2C_lcd16x2.o
 .debug_aranges
                0x000000c8       0xd0 ./Src/main.o
 .debug_aranges
                0x00000198       0x50 ./Src/stm32l4xx_hal_msp.o
 .debug_aranges
                0x000001e8       0x68 ./Src/stm32l4xx_it.o
 .debug_aranges
                0x00000250       0x28 ./Src/system_stm32l4xx.o
 .debug_aranges
                0x00000278       0xf0 ./Drivers/STM32L4xx_HAL_Driver/Src/stm32l4xx_hal.o
 .debug_aranges
                0x00000368      0x118 ./Drivers/STM32L4xx_HAL_Driver/Src/stm32l4xx_hal_cortex.o
 .debug_aranges
                0x00000480       0x80 ./Drivers/STM32L4xx_HAL_Driver/Src/stm32l4xx_hal_dma.o
 .debug_aranges
                0x00000500       0x58 ./Drivers/STM32L4xx_HAL_Driver/Src/stm32l4xx_hal_gpio.o
 .debug_aranges
                0x00000558      0x288 ./Drivers/STM32L4xx_HAL_Driver/Src/stm32l4xx_hal_i2c.o
 .debug_aranges